22:56:08
22:56:09  sshd#5008=0%
22:56:10  sshd#5008=0%
22:56:11  sshd#5008=0%
22:56:12  ssh#18184=0%  sshd#5008=0%  sshd#11992=0%  sshd#17896=0%
22:56:13  rsync#6904=81%  ssh#18184=0%  sshd#5008=0%  sshd#11992=0%  sshd#17896=0%
22:56:14  sshd#5008=0%
22:56:15  sshd#5008=0%
22:56:16  sshd#5008=0%
22:56:17  sshd#5008=0%
22:56:18  sshd#5008=0%
22:56:19  sshd#5008=0%
22:56:20  sshd#5008=0%
22:56:21  sshd#5008=0%
22:56:22  sshd#5008=0%
22:56:23  sshd#5008=0%
22:56:24  sshd#5008=0%
22:56:25  sshd#5008=0%
22:56:26  sshd#5008=0%
22:56:27  sshd#5008=0%
22:56:28  sshd#5008=0%
22:56:29  sshd#5008=0%
22:56:30  sshd#5008=0%
22:56:31  sshd#5008=0%
22:56:32  sshd#5008=0%
22:56:33  sshd#5008=0%
22:56:34  sshd#5008=0%
22:56:35  sshd#5008=0%
22:56:36  sshd#5008=0%
22:56:37  sshd#5008=0%
22:56:38  sshd#5008=0%
22:56:39  sshd#5008=0%
22:56:40  sshd#5008=0%
22:56:41  sshd#5008=0%
22:56:42  sshd#5008=0%
22:56:43  sshd#5008=0%
22:56:44  sshd#5008=0%
22:56:45  sshd#5008=0%
22:56:46  sshd#5008=0%
22:56:47  sshd#5008=0%
22:56:48  sshd#5008=0%
22:56:49  sshd#5008=0%
22:56:51  sshd#5008=0%
22:56:52  sshd#5008=0%
22:56:53  sshd#5008=0%
22:56:54  sshd#5008=0%
22:56:55  sshd#5008=0%
22:56:56  sshd#5008=0%
22:56:57  sshd#5008=0%
22:56:58  sshd#5008=0%
22:56:59  ssh#18096=0%  sshd#5008=0%
22:57:00  ssh#18096=0%  sshd#5008=0%
22:57:01  ssh#18096=0%  sshd#5008=0%
22:57:02  ssh#18096=0%  sshd#5008=0%
22:57:03  ssh#18096=0%  sshd#5008=0%
22:57:04  ssh#18096=0%  sshd#5008=0%
22:57:05  ssh#18096=0%  sshd#5008=0%
22:57:06  ssh#18096=0%  sshd#5008=0%
22:57:07  ssh#18096=0%  sshd#5008=0%
22:57:08  ssh#18096=0%  sshd#5008=0%
