1.0,955
2.0,1469
3.0,1565
4.0,1539
5.0,1511
6.0,1534
7.0,1501
8.0,1557
9.0,1540
10.0,1422
11.0,1385
12.0,1486
13.0,1521
14.0,1473
15.0,1282
16.0,1286
17.0,1283
18.0,1264
19.0,1263
20.0,1245
21.0,1258
22.0,1281
23.0,1205
24.0,1211
25.0,1249
26.0,1212
27.0,1252
28.0,1286
29.0,1188
30.0,1247
31.0,1237
32.0,1272
33.0,1272
34.0,1282
35.0,1276
36.0,1243
37.0,1247
38.0,1241
39.0,1273
40.0,1288
41.0,1245
42.0,1263
43.0,1257
44.0,1277
45.0,1291
46.0,1290
47.0,1234
48.0,1260
49.0,1270
50.0,1275
51.0,1268
52.0,1283
53.0,1174
54.0,1182
55.0,1247
56.0,1269
57.0,1261
58.0,1281
59.0,1258
60.0,1253
61.0,1250
62.0,1209
63.0,1241
64.0,1282
65.0,1185
66.0,1247
67.0,1253
68.0,1228
69.0,1253
70.0,1268
71.0,1247
72.0,1267
73.0,1251
74.0,1153
75.0,1258
76.0,1288
77.0,1193
78.0,1250
79.0,1256
80.0,1240
81.0,1266
82.0,1267
83.0,1250
84.0,1267
85.0,1275
86.0,1277
87.0,1281
88.0,1295
89.0,1252
90.0,1256
91.0,1250
92.0,1251
93.0,1248
94.0,1264
95.0,1236
96.0,1239
97.0,1262
98.0,1250
99.0,1280
100.0,1305
101.0,1227
102.0,1239
103.0,1260
104.0,1245
105.0,1266
106.0,1285
107.0,1170
108.0,1209
109.0,1255
110.0,1259
111.0,1250
112.0,1293
113.0,1248
114.0,1247
115.0,1262
116.0,1234
117.0,1265
118.0,1293
119.0,1262
120.0,1249
121.0,1275
122.0,1252
123.0,1257
124.0,1300
125.0,1275
126.0,1259
127.0,1251
128.0,1255
129.0,1207
130.0,1304
131.0,1284
132.0,1253
133.0,1266
134.0,1242
135.0,1278
136.0,1268
137.0,1258
138.0,1256
139.0,1243
140.0,1177
141.0,1260
142.0,1291
143.0,1262
144.0,1270
145.0,1268
146.0,1200
147.0,1280
148.0,1273
149.0,1233
150.0,1245
151.0,1245
152.0,1239
153.0,1240
154.0,1229
155.0,1209
156.0,1255
157.0,1162
158.0,1228
159.0,1255
160.0,1266
161.0,1276
162.0,1263
163.0,1247
164.0,1280
165.0,1257
166.0,1301
167.0,1272
168.0,1269
169.0,1217
170.0,1264
171.0,1279
172.0,1321
173.0,1256
174.0,1250
175.0,1263
176.0,1244
177.0,1261
178.0,1291
179.0,1094
SUMMARY 1269 MB/s over 180.0 s
