1.0,1035
2.0,1546
3.0,1569
4.0,1599
5.0,1505
6.0,1537
7.0,1522
8.0,1569
9.0,1496
10.0,1496
11.0,1490
12.0,1504
13.0,1554
14.0,1516
15.0,1425
16.0,1401
17.0,1390
18.0,1420
19.0,1372
20.0,1416
21.0,1378
22.0,1406
23.0,1327
24.0,1363
25.0,1301
26.0,1356
27.0,1406
28.0,1386
29.0,1407
30.0,1376
31.0,1424
32.0,1405
33.0,1428
34.0,1399
35.0,1409
36.0,1410
37.0,1381
38.0,1361
39.0,1416
40.0,1408
41.0,1419
42.0,1395
43.0,1376
44.0,1353
45.0,1420
46.0,1406
47.0,1394
48.0,1379
49.0,1301
50.0,1394
51.0,1416
52.0,1404
53.0,1385
54.0,1328
55.0,1404
56.0,1359
57.0,1399
58.0,1407
59.0,1400
60.0,1380
61.0,1348
62.0,1355
63.0,1384
64.0,1413
65.0,1365
66.0,1405
67.0,1342
68.0,1414
69.0,1383
70.0,1370
71.0,1380
72.0,1377
73.0,1416
74.0,1425
75.0,1306
76.0,1401
77.0,1397
78.0,1387
79.0,1379
80.0,1456
81.0,1356
82.0,1402
83.0,1380
84.0,1367
85.0,1427
86.0,1448
87.0,1286
88.0,1389
89.0,1394
90.0,1413
91.0,1492
92.0,1408
93.0,1383
94.0,1390
95.0,1414
96.0,1385
97.0,1403
98.0,1367
99.0,1379
100.0,1387
101.0,1358
102.0,1394
103.0,1377
104.0,1383
105.0,1391
106.0,1407
107.0,1439
108.0,1443
109.0,1434
110.0,1418
111.0,1357
112.0,1423
113.0,1446
114.0,1470
115.0,1411
116.0,1430
117.0,1433
118.0,1413
119.0,1418
120.0,1458
121.0,1430
122.0,1418
123.0,1424
124.0,1381
125.0,1397
126.0,1464
127.0,1418
128.0,1432
129.0,1448
130.0,1400
131.0,1442
132.0,1429
133.0,1417
134.0,1473
135.0,1425
136.0,1428
137.0,1459
138.0,1429
139.0,1397
140.0,1396
141.0,1423
142.0,1427
143.0,1439
144.0,1414
145.0,1420
146.0,1407
147.0,1400
148.0,1426
149.0,1434
150.0,1392
151.0,1375
152.0,1397
153.0,1412
154.0,1388
155.0,1424
156.0,1431
157.0,1428
158.0,1409
159.0,1401
160.0,1441
161.0,1453
162.0,1448
163.0,1440
164.0,1461
165.0,1429
166.0,1462
167.0,1434
168.0,1437
169.0,1443
170.0,1419
171.0,1433
172.0,1430
173.0,1408
174.0,1430
175.0,1365
176.0,1426
177.0,1456
178.0,1443
179.0,1418
SUMMARY 1412 MB/s over 180.0 s
