# ssh -vvv trace of one transfer, redacted.
#
# Connection setup and every line naming a key file, a host-key or public-key
# fingerprint, known_hosts, an authorized_keys entry, a home directory or an
# address has been removed -- none of it secret, none of it a measurement.
# What this file is kept for is the syscall and channel sequence of the data
# path, which is the evidence for the pipe/socket pump work
# (WINDOWS-PORT.md, 'Moar Speed!').
#
# 16 lines removed; 1101 kept.
#
   0.1690 debug1: Entering interactive session.
   0.1693 debug1: pledge: filesystem
   0.1695 debug3: client_repledge: enter
   0.1696 debug3: pselect: installed signal handler for 0, previous 0x00007FF6EAFC1370
   0.1698 debug3: pselect: installed signal handler for 3, previous 0x00007FF6EAFE2A90
   0.1699 debug3: pselect: installed signal handler for 6, previous 0x00007FF6EAFC1370
   0.1700 debug3: pselect: installed signal handler for 7, previous 0x00007FF6EAFC1370
   0.1701 debug3: pselect: installed signal handler for 8, previous 0x00007FF6EAFC1370
   0.1702 debug3: pselect: installed signal handler for 11, previous 0x00007FF6EAFC1360
   0.1704 debug3: pselect_notify_setup: pipe0 7 pipe1 8
   0.1706 debug3: pselect: restored signal handler for 0
   0.1707 debug3: pselect: restored signal handler for 3
   0.1708 debug3: pselect: restored signal handler for 6
   0.1709 debug3: pselect: restored signal handler for 7
   0.1710 debug3: pselect: restored signal handler for 8
   0.1711 debug3: pselect: restored signal handler for 11
   0.2030 debug3: receive packet: type 80
   0.2137 debug3: client_repledge: enter
   0.2139 debug3: receive packet: type 4
   0.2144 debug3: receive packet: type 4
   0.2148 debug3: receive packet: type 91
   0.2149 debug2: channel_input_open_confirmation: channel 0: callback start
   0.2151 debug2: fd 3 setting TCP_NODELAY
   0.2153 debug2: client_session2_setup: id 0
   0.2154 debug1: Sending command: dd of=/dev/null bs=1M
   0.2156 debug2: channel 0: request exec confirm 1
   0.2157 debug3: send packet: type 98
   0.2158 debug3: client_repledge: enter
   0.2160 debug1: pledge: fork
   0.2161 debug2: channel_input_open_confirmation: channel 0: callback done
   0.2162 debug2: channel 0: open confirm rwindow 0 rmax 32768
   0.2170 debug2: channel 0: rcvd adjust 2097152
   0.2171 debug3: receive packet: type 99
   0.2172 debug2: channel_input_status_confirm: type 99 id 0
   0.2174 debug2: exec request accepted on channel 0
   0.2200 debug2: channel 0: rcvd adjust 131072
   0.2216 debug2: channel 0: rcvd adjust 131072
   0.2232 debug2: channel 0: rcvd adjust 131072
   0.2249 debug2: channel 0: rcvd adjust 131072
   0.2265 debug2: channel 0: rcvd adjust 131072
   0.2282 debug2: channel 0: rcvd adjust 131072
   0.2300 debug2: channel 0: rcvd adjust 131072
   0.2316 debug2: channel 0: rcvd adjust 131072
   0.2332 debug2: channel 0: rcvd adjust 131072
   0.2349 debug2: channel 0: rcvd adjust 131072
   0.2366 debug2: channel 0: rcvd adjust 131072
   0.2383 debug2: channel 0: rcvd adjust 131072
   0.2399 debug2: channel 0: rcvd adjust 131072
   0.2416 debug2: channel 0: rcvd adjust 131072
   0.2433 debug2: channel 0: rcvd adjust 131072
   0.2450 debug2: channel 0: rcvd adjust 131072
   0.2466 debug2: channel 0: rcvd adjust 131072
   0.2483 debug2: channel 0: rcvd adjust 131072
   0.2501 debug2: channel 0: rcvd adjust 131072
   0.2517 debug2: channel 0: rcvd adjust 131072
   0.2533 debug2: channel 0: rcvd adjust 131072
   0.2550 debug2: channel 0: rcvd adjust 131072
   0.2567 debug2: channel 0: rcvd adjust 131072
   0.2593 debug2: channel 0: rcvd adjust 131072
   0.2610 debug2: channel 0: rcvd adjust 131072
   0.2627 debug2: channel 0: rcvd adjust 131072
   0.2644 debug2: channel 0: rcvd adjust 131072
   0.2661 debug2: channel 0: rcvd adjust 131072
   0.2677 debug2: channel 0: rcvd adjust 131072
   0.2694 debug2: channel 0: rcvd adjust 131072
   0.2711 debug2: channel 0: rcvd adjust 131072
   0.2728 debug2: channel 0: rcvd adjust 131072
   0.2744 debug2: channel 0: rcvd adjust 131072
   0.2761 debug2: channel 0: rcvd adjust 131072
   0.2778 debug2: channel 0: rcvd adjust 131072
   0.2795 debug2: channel 0: rcvd adjust 131072
   0.2811 debug2: channel 0: rcvd adjust 131072
   0.2828 debug2: channel 0: rcvd adjust 131072
   0.2845 debug2: channel 0: rcvd adjust 131072
   0.2862 debug2: channel 0: rcvd adjust 131072
   0.2878 debug2: channel 0: rcvd adjust 131072
   0.2895 debug2: channel 0: rcvd adjust 131072
   0.2912 debug2: channel 0: rcvd adjust 131072
   0.2929 debug2: channel 0: rcvd adjust 131072
   0.2945 debug2: channel 0: rcvd adjust 131072
   0.2963 debug2: channel 0: rcvd adjust 131072
   0.2980 debug2: channel 0: rcvd adjust 131072
   0.2997 debug2: channel 0: rcvd adjust 131072
   0.3013 debug2: channel 0: rcvd adjust 131072
   0.3030 debug2: channel 0: rcvd adjust 131072
   0.3047 debug2: channel 0: rcvd adjust 131072
   0.3064 debug2: channel 0: rcvd adjust 131072
   0.3080 debug2: channel 0: rcvd adjust 131072
   0.3097 debug2: channel 0: rcvd adjust 131072
   0.3115 debug2: channel 0: rcvd adjust 131072
   0.3134 debug2: channel 0: rcvd adjust 131072
   0.3151 debug2: channel 0: rcvd adjust 131072
   0.3168 debug2: channel 0: rcvd adjust 131072
   0.3185 debug2: channel 0: rcvd adjust 131072
   0.3201 debug2: channel 0: rcvd adjust 131072
   0.3218 debug2: channel 0: rcvd adjust 131072
   0.3235 debug2: channel 0: rcvd adjust 131072
   0.3252 debug2: channel 0: rcvd adjust 131072
   0.3269 debug2: channel 0: rcvd adjust 131072
   0.3285 debug2: channel 0: rcvd adjust 131072
   0.3302 debug2: channel 0: rcvd adjust 131072
   0.3319 debug2: channel 0: rcvd adjust 131072
   0.3336 debug2: channel 0: rcvd adjust 131072
   0.3352 debug2: channel 0: rcvd adjust 131072
   0.3369 debug2: channel 0: rcvd adjust 131072
   0.3386 debug2: channel 0: rcvd adjust 131072
   0.3403 debug2: channel 0: rcvd adjust 131072
   0.3419 debug2: channel 0: rcvd adjust 131072
   0.3437 debug2: channel 0: rcvd adjust 131072
   0.3453 debug2: channel 0: rcvd adjust 131072
   0.3469 debug2: channel 0: rcvd adjust 131072
   0.3486 debug2: channel 0: rcvd adjust 131072
   0.3503 debug2: channel 0: rcvd adjust 131072
   0.3519 debug2: channel 0: rcvd adjust 131072
   0.3536 debug2: channel 0: rcvd adjust 131072
   0.3552 debug2: channel 0: rcvd adjust 131072
   0.3569 debug2: channel 0: rcvd adjust 131072
   0.3588 debug2: channel 0: rcvd adjust 131072
   0.3605 debug2: channel 0: rcvd adjust 131072
   0.3622 debug2: channel 0: rcvd adjust 131072
   0.3642 debug2: channel 0: rcvd adjust 131072
   0.3659 debug2: channel 0: rcvd adjust 131072
   0.3676 debug2: channel 0: rcvd adjust 131072
   0.3692 debug2: channel 0: rcvd adjust 131072
   0.3709 debug2: channel 0: rcvd adjust 131072
   0.3725 debug2: channel 0: rcvd adjust 131072
   0.3742 debug2: channel 0: rcvd adjust 131072
   0.3760 debug2: channel 0: rcvd adjust 131072
   0.3777 debug2: channel 0: rcvd adjust 131072
   0.3794 debug2: channel 0: rcvd adjust 131072
   0.3816 debug2: channel 0: rcvd adjust 131072
   0.3837 debug2: channel 0: rcvd adjust 131072
   0.3854 debug2: channel 0: rcvd adjust 131072
   0.3871 debug2: channel 0: rcvd adjust 131072
   0.3889 debug2: channel 0: rcvd adjust 131072
   0.3906 debug2: channel 0: rcvd adjust 131072
   0.3924 debug2: channel 0: rcvd adjust 131072
   0.3941 debug2: channel 0: rcvd adjust 131072
   0.3958 debug2: channel 0: rcvd adjust 131072
   0.3978 debug2: channel 0: rcvd adjust 131072
   0.3995 debug2: channel 0: rcvd adjust 131072
   0.4013 debug2: channel 0: rcvd adjust 131072
   0.4032 debug2: channel 0: rcvd adjust 131072
   0.4049 debug2: channel 0: rcvd adjust 131072
   0.4066 debug2: channel 0: rcvd adjust 131072
   0.4083 debug2: channel 0: rcvd adjust 131072
   0.4099 debug2: channel 0: rcvd adjust 131072
   0.4116 debug2: channel 0: rcvd adjust 131072
   0.4133 debug2: channel 0: rcvd adjust 131072
   0.4149 debug2: channel 0: rcvd adjust 131072
   0.4165 debug2: channel 0: rcvd adjust 131072
   0.4182 debug2: channel 0: rcvd adjust 131072
   0.4198 debug2: channel 0: rcvd adjust 131072
   0.4215 debug2: channel 0: rcvd adjust 131072
   0.4231 debug2: channel 0: rcvd adjust 131072
   0.4248 debug2: channel 0: rcvd adjust 131072
   0.4266 debug2: channel 0: rcvd adjust 131072
   0.4283 debug2: channel 0: rcvd adjust 131072
   0.4300 debug2: channel 0: rcvd adjust 131072
   0.4316 debug2: channel 0: rcvd adjust 131072
   0.4334 debug2: channel 0: rcvd adjust 131072
   0.4351 debug2: channel 0: rcvd adjust 131072
   0.4367 debug2: channel 0: rcvd adjust 131072
   0.4384 debug2: channel 0: rcvd adjust 131072
   0.4401 debug2: channel 0: rcvd adjust 131072
   0.4418 debug2: channel 0: rcvd adjust 131072
   0.4436 debug2: channel 0: rcvd adjust 131072
   0.4453 debug2: channel 0: rcvd adjust 131072
   0.4470 debug2: channel 0: rcvd adjust 131072
   0.4486 debug2: channel 0: rcvd adjust 131072
   0.4504 debug2: channel 0: rcvd adjust 131072
   0.4519 debug2: channel 0: rcvd adjust 131072
   0.4536 debug2: channel 0: rcvd adjust 131072
   0.4556 debug2: channel 0: rcvd adjust 131072
   0.4582 debug2: channel 0: rcvd adjust 131072
   0.4607 debug2: channel 0: rcvd adjust 131072
   0.4629 debug2: channel 0: rcvd adjust 131072
   0.4660 debug2: channel 0: rcvd adjust 131072
   0.4685 debug2: channel 0: rcvd adjust 131072
   0.4702 debug2: channel 0: rcvd adjust 131072
   0.4719 debug2: channel 0: rcvd adjust 131072
   0.4735 debug2: channel 0: rcvd adjust 131072
   0.4754 debug2: channel 0: rcvd adjust 131072
   0.4771 debug2: channel 0: rcvd adjust 131072
   0.4788 debug2: channel 0: rcvd adjust 131072
   0.4806 debug2: channel 0: rcvd adjust 131072
   0.4833 debug2: channel 0: rcvd adjust 131072
   0.4849 debug2: channel 0: rcvd adjust 131072
   0.4866 debug2: channel 0: rcvd adjust 131072
   0.4884 debug2: channel 0: rcvd adjust 131072
   0.4900 debug2: channel 0: rcvd adjust 131072
   0.4919 debug2: channel 0: rcvd adjust 131072
   0.4936 debug2: channel 0: rcvd adjust 131072
   0.4953 debug2: channel 0: rcvd adjust 131072
   0.4969 debug2: channel 0: rcvd adjust 131072
   0.5004 debug2: channel 0: rcvd adjust 131072
   0.5022 debug2: channel 0: rcvd adjust 131072
   0.5038 debug2: channel 0: rcvd adjust 131072
   0.5055 debug2: channel 0: rcvd adjust 131072
   0.5072 debug2: channel 0: rcvd adjust 131072
   0.5090 debug2: channel 0: rcvd adjust 131072
   0.5109 debug2: channel 0: rcvd adjust 131072
   0.5126 debug2: channel 0: rcvd adjust 131072
   0.5149 debug2: channel 0: rcvd adjust 131072
   0.5174 debug2: channel 0: rcvd adjust 131072
   0.5192 debug2: channel 0: rcvd adjust 131072
   0.5209 debug2: channel 0: rcvd adjust 131072
   0.5226 debug2: channel 0: rcvd adjust 131072
   0.5245 debug2: channel 0: rcvd adjust 131072
   0.5261 debug2: channel 0: rcvd adjust 131072
   0.5281 debug2: channel 0: rcvd adjust 131072
   0.5299 debug2: channel 0: rcvd adjust 131072
   0.5328 debug2: channel 0: rcvd adjust 131072
   0.5347 debug2: channel 0: rcvd adjust 131072
   0.5365 debug2: channel 0: rcvd adjust 131072
   0.5381 debug2: channel 0: rcvd adjust 131072
   0.5398 debug2: channel 0: rcvd adjust 131072
   0.5415 debug2: channel 0: rcvd adjust 131072
   0.5434 debug2: channel 0: rcvd adjust 131072
   0.5453 debug2: channel 0: rcvd adjust 131072
   0.5470 debug2: channel 0: rcvd adjust 131072
   0.5501 debug2: channel 0: rcvd adjust 131072
   0.5520 debug2: channel 0: rcvd adjust 131072
   0.5536 debug2: channel 0: rcvd adjust 131072
   0.5553 debug2: channel 0: rcvd adjust 131072
   0.5572 debug2: channel 0: rcvd adjust 131072
   0.5590 debug2: channel 0: rcvd adjust 131072
   0.5608 debug2: channel 0: rcvd adjust 131072
   0.5624 debug2: channel 0: rcvd adjust 131072
   0.5643 debug2: channel 0: rcvd adjust 131072
   0.5670 debug2: channel 0: rcvd adjust 131072
   0.5686 debug2: channel 0: rcvd adjust 131072
   0.5704 debug2: channel 0: rcvd adjust 131072
   0.5719 debug2: channel 0: rcvd adjust 131072
   0.5737 debug2: channel 0: rcvd adjust 131072
   0.5755 debug2: channel 0: rcvd adjust 131072
   0.5772 debug2: channel 0: rcvd adjust 131072
   0.5789 debug2: channel 0: rcvd adjust 131072
   0.5809 debug2: channel 0: rcvd adjust 131072
   0.5832 debug2: channel 0: rcvd adjust 131072
   0.5850 debug2: channel 0: rcvd adjust 131072
   0.5868 debug2: channel 0: rcvd adjust 131072
   0.5886 debug2: channel 0: rcvd adjust 131072
   0.5905 debug2: channel 0: rcvd adjust 131072
   0.5922 debug2: channel 0: rcvd adjust 131072
   0.5939 debug2: channel 0: rcvd adjust 131072
   0.5957 debug2: channel 0: rcvd adjust 131072
   0.5974 debug2: channel 0: rcvd adjust 131072
   0.5993 debug2: channel 0: rcvd adjust 131072
   0.6010 debug2: channel 0: rcvd adjust 131072
   0.6027 debug2: channel 0: rcvd adjust 131072
   0.6045 debug2: channel 0: rcvd adjust 131072
   0.6062 debug2: channel 0: rcvd adjust 131072
   0.6078 debug2: channel 0: rcvd adjust 131072
   0.6099 debug2: channel 0: rcvd adjust 131072
   0.6129 debug2: channel 0: rcvd adjust 131072
   0.6164 debug2: channel 0: rcvd adjust 131072
   0.6186 debug2: channel 0: rcvd adjust 131072
   0.6203 debug2: channel 0: rcvd adjust 131072
   0.6223 debug2: channel 0: rcvd adjust 131072
   0.6239 debug2: channel 0: rcvd adjust 131072
   0.6255 debug2: channel 0: rcvd adjust 131072
   0.6271 debug2: channel 0: rcvd adjust 131072
   0.6287 debug2: channel 0: rcvd adjust 131072
   0.6304 debug2: channel 0: rcvd adjust 131072
   0.6325 debug2: channel 0: rcvd adjust 131072
   0.6343 debug2: channel 0: rcvd adjust 131072
   0.6362 debug2: channel 0: rcvd adjust 131072
   0.6379 debug2: channel 0: rcvd adjust 131072
   0.6396 debug2: channel 0: rcvd adjust 131072
   0.6412 debug2: channel 0: rcvd adjust 131072
   0.6429 debug2: channel 0: rcvd adjust 131072
   0.6448 debug2: channel 0: rcvd adjust 131072
   0.6474 debug2: channel 0: rcvd adjust 131072
   0.6495 debug2: channel 0: rcvd adjust 131072
   0.6513 debug2: channel 0: rcvd adjust 131072
   0.6531 debug2: channel 0: rcvd adjust 131072
   0.6550 debug2: channel 0: rcvd adjust 131072
   0.6568 debug2: channel 0: rcvd adjust 131072
   0.6585 debug2: channel 0: rcvd adjust 131072
   0.6601 debug2: channel 0: rcvd adjust 131072
   0.6618 debug2: channel 0: rcvd adjust 131072
   0.6634 debug2: channel 0: rcvd adjust 131072
   0.6651 debug2: channel 0: rcvd adjust 131072
   0.6668 debug2: channel 0: rcvd adjust 131072
   0.6685 debug2: channel 0: rcvd adjust 131072
   0.6702 debug2: channel 0: rcvd adjust 131072
   0.6718 debug2: channel 0: rcvd adjust 131072
   0.6735 debug2: channel 0: rcvd adjust 131072
   0.6752 debug2: channel 0: rcvd adjust 131072
   0.6769 debug2: channel 0: rcvd adjust 131072
   0.6785 debug2: channel 0: rcvd adjust 131072
   0.6802 debug2: channel 0: rcvd adjust 131072
   0.6820 debug2: channel 0: rcvd adjust 131072
   0.6839 debug2: channel 0: rcvd adjust 131072
   0.6856 debug2: channel 0: rcvd adjust 131072
   0.6873 debug2: channel 0: rcvd adjust 131072
   0.6891 debug2: channel 0: rcvd adjust 131072
   0.6908 debug2: channel 0: rcvd adjust 131072
   0.6926 debug2: channel 0: rcvd adjust 131072
   0.6943 debug2: channel 0: rcvd adjust 131072
   0.6964 debug2: channel 0: rcvd adjust 131072
   0.6977 debug2: channel 0: rcvd adjust 131072
   0.6993 debug2: channel 0: rcvd adjust 131072
   0.7010 debug2: channel 0: rcvd adjust 131072
   0.7027 debug2: channel 0: rcvd adjust 131072
   0.7045 debug2: channel 0: rcvd adjust 131072
   0.7061 debug2: channel 0: rcvd adjust 131072
   0.7078 debug2: channel 0: rcvd adjust 131072
   0.7095 debug2: channel 0: rcvd adjust 131072
   0.7112 debug2: channel 0: rcvd adjust 131072
   0.7128 debug2: channel 0: rcvd adjust 131072
   0.7145 debug2: channel 0: rcvd adjust 131072
   0.7162 debug2: channel 0: rcvd adjust 131072
   0.7179 debug2: channel 0: rcvd adjust 131072
   0.7195 debug2: channel 0: rcvd adjust 131072
   0.7212 debug2: channel 0: rcvd adjust 131072
   0.7229 debug2: channel 0: rcvd adjust 131072
   0.7246 debug2: channel 0: rcvd adjust 131072
   0.7262 debug2: channel 0: rcvd adjust 131072
   0.7279 debug2: channel 0: rcvd adjust 131072
   0.7296 debug2: channel 0: rcvd adjust 131072
   0.7313 debug2: channel 0: rcvd adjust 131072
   0.7329 debug2: channel 0: rcvd adjust 131072
   0.7346 debug2: channel 0: rcvd adjust 131072
   0.7363 debug2: channel 0: rcvd adjust 131072
   0.7380 debug2: channel 0: rcvd adjust 131072
   0.7396 debug2: channel 0: rcvd adjust 131072
   0.7413 debug2: channel 0: rcvd adjust 131072
   0.7430 debug2: channel 0: rcvd adjust 131072
   0.7447 debug2: channel 0: rcvd adjust 131072
   0.7463 debug2: channel 0: rcvd adjust 131072
   0.7480 debug2: channel 0: rcvd adjust 131072
   0.7497 debug2: channel 0: rcvd adjust 131072
   0.7515 debug2: channel 0: rcvd adjust 131072
   0.7531 debug2: channel 0: rcvd adjust 131072
   0.7548 debug2: channel 0: rcvd adjust 131072
   0.7565 debug2: channel 0: rcvd adjust 131072
   0.7581 debug2: channel 0: rcvd adjust 131072
   0.7597 debug2: channel 0: rcvd adjust 131072
   0.7614 debug2: channel 0: rcvd adjust 131072
   0.7631 debug2: channel 0: rcvd adjust 131072
   0.7647 debug2: channel 0: rcvd adjust 131072
   0.7663 debug2: channel 0: rcvd adjust 131072
   0.7680 debug2: channel 0: rcvd adjust 131072
   0.7697 debug2: channel 0: rcvd adjust 131072
   0.7713 debug2: channel 0: rcvd adjust 131072
   0.7729 debug2: channel 0: rcvd adjust 131072
   0.7746 debug2: channel 0: rcvd adjust 131072
   0.7762 debug2: channel 0: rcvd adjust 131072
   0.7778 debug2: channel 0: rcvd adjust 131072
   0.7794 debug2: channel 0: rcvd adjust 131072
   0.7810 debug2: channel 0: rcvd adjust 131072
   0.7826 debug2: channel 0: rcvd adjust 131072
   0.7843 debug2: channel 0: rcvd adjust 131072
   0.7859 debug2: channel 0: rcvd adjust 131072
   0.7876 debug2: channel 0: rcvd adjust 131072
   0.7891 debug2: channel 0: rcvd adjust 131072
   0.7907 debug2: channel 0: rcvd adjust 131072
   0.7923 debug2: channel 0: rcvd adjust 131072
   0.7940 debug2: channel 0: rcvd adjust 131072
   0.7955 debug2: channel 0: rcvd adjust 131072
   0.7972 debug2: channel 0: rcvd adjust 131072
   0.7987 debug2: channel 0: rcvd adjust 131072
   0.8005 debug2: channel 0: rcvd adjust 131072
   0.8021 debug2: channel 0: rcvd adjust 131072
   0.8037 debug2: channel 0: rcvd adjust 131072
   0.8053 debug2: channel 0: rcvd adjust 131072
   0.8070 debug2: channel 0: rcvd adjust 131072
   0.8085 debug2: channel 0: rcvd adjust 131072
   0.8101 debug2: channel 0: rcvd adjust 131072
   0.8117 debug2: channel 0: rcvd adjust 131072
   0.8134 debug2: channel 0: rcvd adjust 131072
   0.8149 debug2: channel 0: rcvd adjust 131072
   0.8166 debug2: channel 0: rcvd adjust 131072
   0.8182 debug2: channel 0: rcvd adjust 131072
   0.8198 debug2: channel 0: rcvd adjust 131072
   0.8214 debug2: channel 0: rcvd adjust 131072
   0.8230 debug2: channel 0: rcvd adjust 131072
   0.8246 debug2: channel 0: rcvd adjust 131072
   0.8263 debug2: channel 0: rcvd adjust 131072
   0.8278 debug2: channel 0: rcvd adjust 131072
   0.8295 debug2: channel 0: rcvd adjust 131072
   0.8310 debug2: channel 0: rcvd adjust 131072
   0.8327 debug2: channel 0: rcvd adjust 131072
   0.8343 debug2: channel 0: rcvd adjust 131072
   0.8359 debug2: channel 0: rcvd adjust 131072
   0.8375 debug2: channel 0: rcvd adjust 131072
   0.8391 debug2: channel 0: rcvd adjust 131072
   0.8407 debug2: channel 0: rcvd adjust 131072
   0.8423 debug2: channel 0: rcvd adjust 131072
   0.8439 debug2: channel 0: rcvd adjust 131072
   0.8456 debug2: channel 0: rcvd adjust 131072
   0.8471 debug2: channel 0: rcvd adjust 131072
   0.8487 debug2: channel 0: rcvd adjust 131072
   0.8503 debug2: channel 0: rcvd adjust 131072
   0.8520 debug2: channel 0: rcvd adjust 131072
   0.8536 debug2: channel 0: rcvd adjust 131072
   0.8552 debug2: channel 0: rcvd adjust 131072
   0.8567 debug2: channel 0: rcvd adjust 131072
   0.8584 debug2: channel 0: rcvd adjust 131072
   0.8600 debug2: channel 0: rcvd adjust 131072
   0.8616 debug2: channel 0: rcvd adjust 131072
   0.8631 debug2: channel 0: rcvd adjust 131072
   0.8649 debug2: channel 0: rcvd adjust 131072
   0.8665 debug2: channel 0: rcvd adjust 131072
   0.8682 debug2: channel 0: rcvd adjust 131072
   0.8697 debug2: channel 0: rcvd adjust 131072
   0.8714 debug2: channel 0: rcvd adjust 131072
   0.8729 debug2: channel 0: rcvd adjust 131072
   0.8746 debug2: channel 0: rcvd adjust 131072
   0.8762 debug2: channel 0: rcvd adjust 131072
   0.8777 debug2: channel 0: rcvd adjust 131072
   0.8793 debug2: channel 0: rcvd adjust 131072
   0.8811 debug2: channel 0: rcvd adjust 131072
   0.8829 debug2: channel 0: rcvd adjust 131072
   0.8847 debug2: channel 0: rcvd adjust 131072
   0.8864 debug2: channel 0: rcvd adjust 131072
   0.8881 debug2: channel 0: rcvd adjust 131072
   0.8898 debug2: channel 0: rcvd adjust 131072
   0.8914 debug2: channel 0: rcvd adjust 131072
   0.8931 debug2: channel 0: rcvd adjust 131072
   0.8947 debug2: channel 0: rcvd adjust 131072
   0.8964 debug2: channel 0: rcvd adjust 131072
   0.8981 debug2: channel 0: rcvd adjust 131072
   0.8998 debug2: channel 0: rcvd adjust 131072
   0.9015 debug2: channel 0: rcvd adjust 131072
   0.9031 debug2: channel 0: rcvd adjust 131072
   0.9048 debug2: channel 0: rcvd adjust 131072
   0.9065 debug2: channel 0: rcvd adjust 131072
   0.9082 debug2: channel 0: rcvd adjust 131072
   0.9098 debug2: channel 0: rcvd adjust 131072
   0.9115 debug2: channel 0: rcvd adjust 131072
   0.9131 debug2: channel 0: rcvd adjust 131072
   0.9148 debug2: channel 0: rcvd adjust 131072
   0.9165 debug2: channel 0: rcvd adjust 131072
   0.9181 debug2: channel 0: rcvd adjust 131072
   0.9198 debug2: channel 0: rcvd adjust 131072
   0.9215 debug2: channel 0: rcvd adjust 131072
   0.9231 debug2: channel 0: rcvd adjust 131072
   0.9248 debug2: channel 0: rcvd adjust 131072
   0.9265 debug2: channel 0: rcvd adjust 131072
   0.9281 debug2: channel 0: rcvd adjust 131072
   0.9298 debug2: channel 0: rcvd adjust 131072
   0.9315 debug2: channel 0: rcvd adjust 131072
   0.9332 debug2: channel 0: rcvd adjust 131072
   0.9349 debug2: channel 0: rcvd adjust 131072
   0.9365 debug2: channel 0: rcvd adjust 131072
   0.9382 debug2: channel 0: rcvd adjust 131072
   0.9399 debug2: channel 0: rcvd adjust 131072
   0.9417 debug2: channel 0: rcvd adjust 131072
   0.9433 debug2: channel 0: rcvd adjust 131072
   0.9450 debug2: channel 0: rcvd adjust 131072
   0.9467 debug2: channel 0: rcvd adjust 131072
   0.9484 debug2: channel 0: rcvd adjust 131072
   0.9501 debug2: channel 0: rcvd adjust 131072
   0.9518 debug2: channel 0: rcvd adjust 131072
   0.9534 debug2: channel 0: rcvd adjust 131072
   0.9551 debug2: channel 0: rcvd adjust 131072
   0.9567 debug2: channel 0: rcvd adjust 131072
   0.9584 debug2: channel 0: rcvd adjust 131072
   0.9601 debug2: channel 0: rcvd adjust 131072
   0.9618 debug2: channel 0: rcvd adjust 131072
   0.9634 debug2: channel 0: rcvd adjust 131072
   0.9652 debug2: channel 0: rcvd adjust 131072
   0.9668 debug2: channel 0: rcvd adjust 131072
   0.9685 debug2: channel 0: rcvd adjust 131072
   0.9701 debug2: channel 0: rcvd adjust 131072
   0.9718 debug2: channel 0: rcvd adjust 131072
   0.9735 debug2: channel 0: rcvd adjust 131072
   0.9752 debug2: channel 0: rcvd adjust 131072
   0.9768 debug2: channel 0: rcvd adjust 131072
   0.9786 debug2: channel 0: rcvd adjust 131072
   0.9803 debug2: channel 0: rcvd adjust 131072
   0.9821 debug2: channel 0: rcvd adjust 131072
   0.9839 debug2: channel 0: rcvd adjust 131072
   0.9856 debug2: channel 0: rcvd adjust 131072
   0.9875 debug2: channel 0: rcvd adjust 131072
   0.9893 debug2: channel 0: rcvd adjust 131072
   0.9912 debug2: channel 0: rcvd adjust 131072
   0.9928 debug2: channel 0: rcvd adjust 131072
   0.9945 debug2: channel 0: rcvd adjust 131072
   0.9963 debug2: channel 0: rcvd adjust 131072
   0.9981 debug2: channel 0: rcvd adjust 131072
   0.9998 debug2: channel 0: rcvd adjust 131072
   1.0015 debug2: channel 0: rcvd adjust 131072
   1.0033 debug2: channel 0: rcvd adjust 131072
   1.0052 debug2: channel 0: rcvd adjust 131072
   1.0069 debug2: channel 0: rcvd adjust 131072
   1.0086 debug2: channel 0: rcvd adjust 131072
   1.0103 debug2: channel 0: rcvd adjust 131072
   1.0119 debug2: channel 0: rcvd adjust 131072
   1.0136 debug2: channel 0: rcvd adjust 131072
   1.0153 debug2: channel 0: rcvd adjust 131072
   1.0169 debug2: channel 0: rcvd adjust 131072
   1.0186 debug2: channel 0: rcvd adjust 131072
   1.0204 debug2: channel 0: rcvd adjust 131072
   1.0220 debug2: channel 0: rcvd adjust 131072
   1.0237 debug2: channel 0: rcvd adjust 131072
   1.0253 debug2: channel 0: rcvd adjust 131072
   1.0271 debug2: channel 0: rcvd adjust 131072
   1.0287 debug2: channel 0: rcvd adjust 131072
   1.0304 debug2: channel 0: rcvd adjust 131072
   1.0321 debug2: channel 0: rcvd adjust 131072
   1.0338 debug2: channel 0: rcvd adjust 131072
   1.0354 debug2: channel 0: rcvd adjust 131072
   1.0370 debug2: channel 0: rcvd adjust 131072
   1.0386 debug2: channel 0: rcvd adjust 131072
   1.0403 debug2: channel 0: rcvd adjust 131072
   1.0419 debug2: channel 0: rcvd adjust 131072
   1.0435 debug2: channel 0: rcvd adjust 131072
   1.0450 debug2: channel 0: rcvd adjust 131072
   1.0467 debug2: channel 0: rcvd adjust 131072
   1.0483 debug2: channel 0: rcvd adjust 131072
   1.0499 debug2: channel 0: rcvd adjust 131072
   1.0515 debug2: channel 0: rcvd adjust 131072
   1.0533 debug2: channel 0: rcvd adjust 131072
   1.0551 debug2: channel 0: rcvd adjust 131072
   1.0567 debug2: channel 0: rcvd adjust 131072
   1.0583 debug2: channel 0: rcvd adjust 131072
   1.0600 debug2: channel 0: rcvd adjust 131072
   1.0617 debug2: channel 0: rcvd adjust 131072
   1.0634 debug2: channel 0: rcvd adjust 131072
   1.0650 debug2: channel 0: rcvd adjust 131072
   1.0667 debug2: channel 0: rcvd adjust 131072
   1.0685 debug2: channel 0: rcvd adjust 131072
   1.0703 debug2: channel 0: rcvd adjust 131072
   1.0721 debug2: channel 0: rcvd adjust 131072
   1.0738 debug2: channel 0: rcvd adjust 131072
   1.0756 debug2: channel 0: rcvd adjust 131072
   1.0773 debug2: channel 0: rcvd adjust 131072
   1.0790 debug2: channel 0: rcvd adjust 131072
   1.0807 debug2: channel 0: rcvd adjust 131072
   1.0824 debug2: channel 0: rcvd adjust 131072
   1.0842 debug2: channel 0: rcvd adjust 131072
   1.0860 debug2: channel 0: rcvd adjust 131072
   1.0877 debug2: channel 0: rcvd adjust 131072
   1.0894 debug2: channel 0: rcvd adjust 131072
   1.0911 debug2: channel 0: rcvd adjust 131072
   1.0928 debug2: channel 0: rcvd adjust 131072
   1.0944 debug2: channel 0: rcvd adjust 131072
   1.0961 debug2: channel 0: rcvd adjust 131072
   1.0978 debug2: channel 0: rcvd adjust 131072
   1.0996 debug2: channel 0: rcvd adjust 131072
   1.1014 debug2: channel 0: rcvd adjust 131072
   1.1033 debug2: channel 0: rcvd adjust 131072
   1.1051 debug2: channel 0: rcvd adjust 131072
   1.1070 debug2: channel 0: rcvd adjust 131072
   1.1088 debug2: channel 0: rcvd adjust 131072
   1.1108 debug2: channel 0: rcvd adjust 131072
   1.1125 debug2: channel 0: rcvd adjust 131072
   1.1143 debug2: channel 0: rcvd adjust 131072
   1.1161 debug2: channel 0: rcvd adjust 131072
   1.1178 debug2: channel 0: rcvd adjust 131072
   1.1195 debug2: channel 0: rcvd adjust 131072
   1.1211 debug2: channel 0: rcvd adjust 131072
   1.1228 debug2: channel 0: rcvd adjust 131072
   1.1245 debug2: channel 0: rcvd adjust 131072
   1.1263 debug2: channel 0: rcvd adjust 131072
   1.1281 debug2: channel 0: rcvd adjust 131072
   1.1298 debug2: channel 0: rcvd adjust 131072
   1.1314 debug2: channel 0: rcvd adjust 131072
   1.1332 debug2: channel 0: rcvd adjust 131072
   1.1348 debug2: channel 0: rcvd adjust 131072
   1.1365 debug2: channel 0: rcvd adjust 131072
   1.1382 debug2: channel 0: rcvd adjust 131072
   1.1399 debug2: channel 0: rcvd adjust 131072
   1.1415 debug2: channel 0: rcvd adjust 131072
   1.1432 debug2: channel 0: rcvd adjust 131072
   1.1449 debug2: channel 0: rcvd adjust 131072
   1.1465 debug2: channel 0: rcvd adjust 131072
   1.1483 debug2: channel 0: rcvd adjust 131072
   1.1499 debug2: channel 0: rcvd adjust 131072
   1.1517 debug2: channel 0: rcvd adjust 131072
   1.1533 debug2: channel 0: rcvd adjust 131072
   1.1549 debug2: channel 0: rcvd adjust 131072
   1.1567 debug2: channel 0: rcvd adjust 131072
   1.1583 debug2: channel 0: rcvd adjust 131072
   1.1600 debug2: channel 0: rcvd adjust 131072
   1.1616 debug2: channel 0: rcvd adjust 131072
   1.1633 debug2: channel 0: rcvd adjust 131072
   1.1650 debug2: channel 0: rcvd adjust 131072
   1.1667 debug2: channel 0: rcvd adjust 131072
   1.1682 debug2: channel 0: rcvd adjust 131072
   1.1699 debug2: channel 0: rcvd adjust 131072
   1.1714 debug2: channel 0: rcvd adjust 131072
   1.1731 debug2: channel 0: rcvd adjust 131072
   1.1746 debug2: channel 0: rcvd adjust 131072
   1.1763 debug2: channel 0: rcvd adjust 131072
   1.1779 debug2: channel 0: rcvd adjust 131072
   1.1796 debug2: channel 0: rcvd adjust 131072
   1.1813 debug2: channel 0: rcvd adjust 131072
   1.1829 debug2: channel 0: rcvd adjust 131072
   1.1847 debug2: channel 0: rcvd adjust 131072
   1.1863 debug2: channel 0: rcvd adjust 131072
   1.1880 debug2: channel 0: rcvd adjust 131072
   1.1896 debug2: channel 0: rcvd adjust 131072
   1.1913 debug2: channel 0: rcvd adjust 131072
   1.1930 debug2: channel 0: rcvd adjust 131072
   1.1946 debug2: channel 0: rcvd adjust 131072
   1.1963 debug2: channel 0: rcvd adjust 131072
   1.1980 debug2: channel 0: rcvd adjust 131072
   1.1997 debug2: channel 0: rcvd adjust 131072
   1.2013 debug2: channel 0: rcvd adjust 131072
   1.2030 debug2: channel 0: rcvd adjust 131072
   1.2047 debug2: channel 0: rcvd adjust 131072
   1.2064 debug2: channel 0: rcvd adjust 131072
   1.2080 debug2: channel 0: rcvd adjust 131072
   1.2097 debug2: channel 0: rcvd adjust 131072
   1.2114 debug2: channel 0: rcvd adjust 131072
   1.2132 debug2: channel 0: rcvd adjust 131072
   1.2149 debug2: channel 0: rcvd adjust 131072
   1.2167 debug2: channel 0: rcvd adjust 131072
   1.2184 debug2: channel 0: rcvd adjust 131072
   1.2201 debug2: channel 0: rcvd adjust 131072
   1.2217 debug2: channel 0: rcvd adjust 131072
   1.2234 debug2: channel 0: rcvd adjust 131072
   1.2251 debug2: channel 0: rcvd adjust 131072
   1.2267 debug2: channel 0: rcvd adjust 131072
   1.2284 debug2: channel 0: rcvd adjust 131072
   1.2301 debug2: channel 0: rcvd adjust 131072
   1.2319 debug2: channel 0: rcvd adjust 131072
   1.2335 debug2: channel 0: rcvd adjust 131072
   1.2351 debug2: channel 0: rcvd adjust 131072
   1.2368 debug2: channel 0: rcvd adjust 131072
   1.2385 debug2: channel 0: rcvd adjust 131072
   1.2402 debug2: channel 0: rcvd adjust 131072
   1.2418 debug2: channel 0: rcvd adjust 131072
   1.2435 debug2: channel 0: rcvd adjust 131072
   1.2452 debug2: channel 0: rcvd adjust 131072
   1.2469 debug2: channel 0: rcvd adjust 131072
   1.2485 debug2: channel 0: rcvd adjust 131072
   1.2502 debug2: channel 0: rcvd adjust 131072
   1.2519 debug2: channel 0: rcvd adjust 131072
   1.2536 debug2: channel 0: rcvd adjust 131072
   1.2552 debug2: channel 0: rcvd adjust 131072
   1.2568 debug2: channel 0: rcvd adjust 131072
   1.2585 debug2: channel 0: rcvd adjust 131072
   1.2601 debug2: channel 0: rcvd adjust 131072
   1.2618 debug2: channel 0: rcvd adjust 131072
   1.2635 debug2: channel 0: rcvd adjust 131072
   1.2652 debug2: channel 0: rcvd adjust 131072
   1.2668 debug2: channel 0: rcvd adjust 131072
   1.2684 debug2: channel 0: rcvd adjust 131072
   1.2701 debug2: channel 0: rcvd adjust 131072
   1.2718 debug2: channel 0: rcvd adjust 131072
   1.2736 debug2: channel 0: rcvd adjust 131072
   1.2754 debug2: channel 0: rcvd adjust 131072
   1.2771 debug2: channel 0: rcvd adjust 131072
   1.2787 debug2: channel 0: rcvd adjust 131072
   1.2804 debug2: channel 0: rcvd adjust 131072
   1.2820 debug2: channel 0: rcvd adjust 131072
   1.2837 debug2: channel 0: rcvd adjust 131072
   1.2856 debug2: channel 0: rcvd adjust 131072
   1.2873 debug2: channel 0: rcvd adjust 131072
   1.2892 debug2: channel 0: rcvd adjust 131072
   1.2909 debug2: channel 0: rcvd adjust 131072
   1.2926 debug2: channel 0: rcvd adjust 131072
   1.2943 debug2: channel 0: rcvd adjust 131072
   1.2959 debug2: channel 0: rcvd adjust 131072
   1.2976 debug2: channel 0: rcvd adjust 131072
   1.2993 debug2: channel 0: rcvd adjust 131072
   1.3010 debug2: channel 0: rcvd adjust 131072
   1.3028 debug2: channel 0: rcvd adjust 131072
   1.3045 debug2: channel 0: rcvd adjust 131072
   1.3062 debug2: channel 0: rcvd adjust 131072
   1.3079 debug2: channel 0: rcvd adjust 131072
   1.3095 debug2: channel 0: rcvd adjust 131072
   1.3112 debug2: channel 0: rcvd adjust 131072
   1.3129 debug2: channel 0: rcvd adjust 131072
   1.3146 debug2: channel 0: rcvd adjust 131072
   1.3162 debug2: channel 0: rcvd adjust 131072
   1.3180 debug2: channel 0: rcvd adjust 131072
   1.3196 debug2: channel 0: rcvd adjust 131072
   1.3213 debug2: channel 0: rcvd adjust 131072
   1.3230 debug2: channel 0: rcvd adjust 131072
   1.3248 debug2: channel 0: rcvd adjust 131072
   1.3266 debug2: channel 0: rcvd adjust 131072
   1.3284 debug2: channel 0: rcvd adjust 131072
   1.3301 debug2: channel 0: rcvd adjust 131072
   1.3319 debug2: channel 0: rcvd adjust 131072
   1.3336 debug2: channel 0: rcvd adjust 131072
   1.3353 debug2: channel 0: rcvd adjust 131072
   1.3370 debug2: channel 0: rcvd adjust 131072
   1.3387 debug2: channel 0: rcvd adjust 131072
   1.3405 debug2: channel 0: rcvd adjust 131072
   1.3423 debug2: channel 0: rcvd adjust 131072
   1.3441 debug2: channel 0: rcvd adjust 131072
   1.3459 debug2: channel 0: rcvd adjust 131072
   1.3476 debug2: channel 0: rcvd adjust 131072
   1.3493 debug2: channel 0: rcvd adjust 131072
   1.3509 debug2: channel 0: rcvd adjust 131072
   1.3528 debug2: channel 0: rcvd adjust 131072
   1.3548 debug2: channel 0: rcvd adjust 131072
   1.3566 debug2: channel 0: rcvd adjust 131072
   1.3584 debug2: channel 0: rcvd adjust 131072
   1.3601 debug2: channel 0: rcvd adjust 131072
   1.3617 debug2: channel 0: rcvd adjust 131072
   1.3634 debug2: channel 0: rcvd adjust 131072
   1.3651 debug2: channel 0: rcvd adjust 131072
   1.3668 debug2: channel 0: rcvd adjust 131072
   1.3685 debug2: channel 0: rcvd adjust 131072
   1.3702 debug2: channel 0: rcvd adjust 131072
   1.3718 debug2: channel 0: rcvd adjust 131072
   1.3735 debug2: channel 0: rcvd adjust 131072
   1.3752 debug2: channel 0: rcvd adjust 131072
   1.3769 debug2: channel 0: rcvd adjust 131072
   1.3785 debug2: channel 0: rcvd adjust 131072
   1.3802 debug2: channel 0: rcvd adjust 131072
   1.3819 debug2: channel 0: rcvd adjust 131072
   1.3836 debug2: channel 0: rcvd adjust 131072
   1.3852 debug2: channel 0: rcvd adjust 131072
   1.3869 debug2: channel 0: rcvd adjust 131072
   1.3886 debug2: channel 0: rcvd adjust 131072
   1.3903 debug2: channel 0: rcvd adjust 131072
   1.3919 debug2: channel 0: rcvd adjust 131072
   1.3935 debug2: channel 0: rcvd adjust 131072
   1.3952 debug2: channel 0: rcvd adjust 131072
   1.3969 debug2: channel 0: rcvd adjust 131072
   1.3985 debug2: channel 0: rcvd adjust 131072
   1.4002 debug2: channel 0: rcvd adjust 131072
   1.4020 debug2: channel 0: rcvd adjust 131072
   1.4038 debug2: channel 0: rcvd adjust 131072
   1.4055 debug2: channel 0: rcvd adjust 131072
   1.4072 debug2: channel 0: rcvd adjust 131072
   1.4089 debug2: channel 0: rcvd adjust 131072
   1.4105 debug2: channel 0: rcvd adjust 131072
   1.4122 debug2: channel 0: rcvd adjust 131072
   1.4139 debug2: channel 0: rcvd adjust 131072
   1.4156 debug2: channel 0: rcvd adjust 131072
   1.4173 debug2: channel 0: rcvd adjust 131072
   1.4189 debug2: channel 0: rcvd adjust 131072
   1.4206 debug2: channel 0: rcvd adjust 131072
   1.4222 debug2: channel 0: rcvd adjust 131072
   1.4239 debug2: channel 0: rcvd adjust 131072
   1.4255 debug2: channel 0: rcvd adjust 131072
   1.4272 debug2: channel 0: rcvd adjust 131072
   1.4289 debug2: channel 0: rcvd adjust 131072
   1.4306 debug2: channel 0: rcvd adjust 131072
   1.4322 debug2: channel 0: rcvd adjust 131072
   1.4340 debug2: channel 0: rcvd adjust 131072
   1.4357 debug2: channel 0: rcvd adjust 131072
   1.4373 debug2: channel 0: rcvd adjust 131072
   1.4389 debug2: channel 0: rcvd adjust 131072
   1.4406 debug2: channel 0: rcvd adjust 131072
   1.4423 debug2: channel 0: rcvd adjust 131072
   1.4441 debug2: channel 0: rcvd adjust 131072
   1.4458 debug2: channel 0: rcvd adjust 131072
   1.4475 debug2: channel 0: rcvd adjust 131072
   1.4492 debug2: channel 0: rcvd adjust 131072
   1.4509 debug2: channel 0: rcvd adjust 131072
   1.4526 debug2: channel 0: rcvd adjust 131072
   1.4543 debug2: channel 0: rcvd adjust 131072
   1.4559 debug2: channel 0: rcvd adjust 131072
   1.4576 debug2: channel 0: rcvd adjust 131072
   1.4593 debug2: channel 0: rcvd adjust 131072
   1.4610 debug2: channel 0: rcvd adjust 131072
   1.4627 debug2: channel 0: rcvd adjust 131072
   1.4644 debug2: channel 0: rcvd adjust 131072
   1.4660 debug2: channel 0: rcvd adjust 131072
   1.4677 debug2: channel 0: rcvd adjust 131072
   1.4697 debug2: channel 0: rcvd adjust 131072
   1.4715 debug2: channel 0: rcvd adjust 131072
   1.4733 debug2: channel 0: rcvd adjust 131072
   1.4749 debug2: channel 0: rcvd adjust 131072
   1.4767 debug2: channel 0: rcvd adjust 131072
   1.4784 debug2: channel 0: rcvd adjust 131072
   1.4800 debug2: channel 0: rcvd adjust 131072
   1.4817 debug2: channel 0: rcvd adjust 131072
   1.4834 debug2: channel 0: rcvd adjust 131072
   1.4850 debug2: channel 0: rcvd adjust 131072
   1.4867 debug2: channel 0: rcvd adjust 131072
   1.4884 debug2: channel 0: rcvd adjust 131072
   1.4901 debug2: channel 0: rcvd adjust 131072
   1.4918 debug2: channel 0: rcvd adjust 131072
   1.4934 debug2: channel 0: rcvd adjust 131072
   1.4952 debug2: channel 0: rcvd adjust 131072
   1.4968 debug2: channel 0: rcvd adjust 131072
   1.4985 debug2: channel 0: rcvd adjust 131072
   1.5001 debug2: channel 0: rcvd adjust 131072
   1.5018 debug2: channel 0: rcvd adjust 131072
   1.5035 debug2: channel 0: rcvd adjust 131072
   1.5052 debug2: channel 0: rcvd adjust 131072
   1.5068 debug2: channel 0: rcvd adjust 131072
   1.5084 debug2: channel 0: rcvd adjust 131072
   1.5102 debug2: channel 0: rcvd adjust 131072
   1.5123 debug2: channel 0: rcvd adjust 131072
   1.5135 debug2: channel 0: rcvd adjust 131072
   1.5153 debug2: channel 0: rcvd adjust 131072
   1.5169 debug2: channel 0: rcvd adjust 131072
   1.5187 debug2: channel 0: rcvd adjust 131072
   1.5205 debug2: channel 0: rcvd adjust 131072
   1.5222 debug2: channel 0: rcvd adjust 131072
   1.5241 debug2: channel 0: rcvd adjust 131072
   1.5258 debug2: channel 0: rcvd adjust 131072
   1.5276 debug2: channel 0: rcvd adjust 131072
   1.5293 debug2: channel 0: rcvd adjust 131072
   1.5310 debug2: channel 0: rcvd adjust 131072
   1.5327 debug2: channel 0: rcvd adjust 131072
   1.5343 debug2: channel 0: rcvd adjust 131072
   1.5362 debug2: channel 0: rcvd adjust 131072
   1.5380 debug2: channel 0: rcvd adjust 131072
   1.5398 debug2: channel 0: rcvd adjust 131072
   1.5417 debug2: channel 0: rcvd adjust 131072
   1.5435 debug2: channel 0: rcvd adjust 131072
   1.5453 debug2: channel 0: rcvd adjust 131072
   1.5471 debug2: channel 0: rcvd adjust 131072
   1.5490 debug2: channel 0: rcvd adjust 131072
   1.5507 debug2: channel 0: rcvd adjust 131072
   1.5525 debug2: channel 0: rcvd adjust 131072
   1.5542 debug2: channel 0: rcvd adjust 131072
   1.5559 debug2: channel 0: rcvd adjust 131072
   1.5575 debug2: channel 0: rcvd adjust 131072
   1.5592 debug2: channel 0: rcvd adjust 131072
   1.5608 debug2: channel 0: rcvd adjust 131072
   1.5625 debug2: channel 0: rcvd adjust 131072
   1.5642 debug2: channel 0: rcvd adjust 131072
   1.5659 debug2: channel 0: rcvd adjust 131072
   1.5676 debug2: channel 0: rcvd adjust 131072
   1.5692 debug2: channel 0: rcvd adjust 131072
   1.5709 debug2: channel 0: rcvd adjust 131072
   1.5726 debug2: channel 0: rcvd adjust 131072
   1.5743 debug2: channel 0: rcvd adjust 131072
   1.5759 debug2: channel 0: rcvd adjust 131072
   1.5776 debug2: channel 0: rcvd adjust 131072
   1.5793 debug2: channel 0: rcvd adjust 131072
   1.5809 debug2: channel 0: rcvd adjust 131072
   1.5826 debug2: channel 0: rcvd adjust 131072
   1.5843 debug2: channel 0: rcvd adjust 131072
   1.5860 debug2: channel 0: rcvd adjust 131072
   1.5881 debug2: channel 0: rcvd adjust 131072
   1.5895 debug2: channel 0: rcvd adjust 131072
   1.5912 debug2: channel 0: rcvd adjust 131072
   1.5929 debug2: channel 0: rcvd adjust 131072
   1.5946 debug2: channel 0: rcvd adjust 131072
   1.5962 debug2: channel 0: rcvd adjust 131072
   1.5980 debug2: channel 0: rcvd adjust 131072
   1.5996 debug2: channel 0: rcvd adjust 131072
   1.6013 debug2: channel 0: rcvd adjust 131072
   1.6029 debug2: channel 0: rcvd adjust 131072
   1.6047 debug2: channel 0: rcvd adjust 131072
   1.6064 debug2: channel 0: rcvd adjust 131072
   1.6080 debug2: channel 0: rcvd adjust 131072
   1.6097 debug2: channel 0: rcvd adjust 131072
   1.6114 debug2: channel 0: rcvd adjust 131072
   1.6131 debug2: channel 0: rcvd adjust 131072
   1.6147 debug2: channel 0: rcvd adjust 131072
   1.6164 debug2: channel 0: rcvd adjust 131072
   1.6181 debug2: channel 0: rcvd adjust 131072
   1.6198 debug2: channel 0: rcvd adjust 131072
   1.6214 debug2: channel 0: rcvd adjust 131072
   1.6230 debug2: channel 0: rcvd adjust 131072
   1.6247 debug2: channel 0: rcvd adjust 131072
   1.6265 debug2: channel 0: rcvd adjust 131072
   1.6283 debug2: channel 0: rcvd adjust 131072
   1.6301 debug2: channel 0: rcvd adjust 131072
   1.6318 debug2: channel 0: rcvd adjust 131072
   1.6336 debug2: channel 0: rcvd adjust 131072
   1.6353 debug2: channel 0: rcvd adjust 131072
   1.6369 debug2: channel 0: rcvd adjust 131072
   1.6386 debug2: channel 0: rcvd adjust 131072
   1.6403 debug2: channel 0: rcvd adjust 131072
   1.6421 debug2: channel 0: rcvd adjust 131072
   1.6436 debug2: channel 0: rcvd adjust 131072
   1.6453 debug2: channel 0: rcvd adjust 131072
   1.6470 debug2: channel 0: rcvd adjust 131072
   1.6487 debug2: channel 0: rcvd adjust 131072
   1.6505 debug2: channel 0: rcvd adjust 131072
   1.6522 debug2: channel 0: rcvd adjust 131072
   1.6539 debug2: channel 0: rcvd adjust 131072
   1.6557 debug2: channel 0: rcvd adjust 131072
   1.6573 debug2: channel 0: rcvd adjust 131072
   1.6591 debug2: channel 0: rcvd adjust 131072
   1.6609 debug2: channel 0: rcvd adjust 131072
   1.6627 debug2: channel 0: rcvd adjust 131072
   1.6644 debug2: channel 0: rcvd adjust 131072
   1.6661 debug2: channel 0: rcvd adjust 131072
   1.6678 debug2: channel 0: rcvd adjust 131072
   1.6696 debug2: channel 0: rcvd adjust 131072
   1.6712 debug2: channel 0: rcvd adjust 131072
   1.6729 debug2: channel 0: rcvd adjust 131072
   1.6746 debug2: channel 0: rcvd adjust 131072
   1.6762 debug2: channel 0: rcvd adjust 131072
   1.6779 debug2: channel 0: rcvd adjust 131072
   1.6795 debug2: channel 0: rcvd adjust 131072
   1.6812 debug2: channel 0: rcvd adjust 131072
   1.6829 debug2: channel 0: rcvd adjust 131072
   1.6845 debug2: channel 0: rcvd adjust 131072
   1.6862 debug2: channel 0: rcvd adjust 131072
   1.6879 debug2: channel 0: rcvd adjust 131072
   1.6896 debug2: channel 0: rcvd adjust 131072
   1.6912 debug2: channel 0: rcvd adjust 131072
   1.6929 debug2: channel 0: rcvd adjust 131072
   1.6946 debug2: channel 0: rcvd adjust 131072
   1.6963 debug2: channel 0: rcvd adjust 131072
   1.6979 debug2: channel 0: rcvd adjust 131072
   1.6996 debug2: channel 0: rcvd adjust 131072
   1.7013 debug2: channel 0: rcvd adjust 131072
   1.7030 debug2: channel 0: rcvd adjust 131072
   1.7046 debug2: channel 0: rcvd adjust 131072
   1.7063 debug2: channel 0: rcvd adjust 131072
   1.7080 debug2: channel 0: rcvd adjust 131072
   1.7097 debug2: channel 0: rcvd adjust 131072
   1.7114 debug2: channel 0: rcvd adjust 131072
   1.7131 debug2: channel 0: rcvd adjust 131072
   1.7148 debug2: channel 0: rcvd adjust 131072
   1.7165 debug2: channel 0: rcvd adjust 131072
   1.7181 debug2: channel 0: rcvd adjust 131072
   1.7198 debug2: channel 0: rcvd adjust 131072
   1.7215 debug2: channel 0: rcvd adjust 131072
   1.7231 debug2: channel 0: rcvd adjust 131072
   1.7248 debug2: channel 0: rcvd adjust 131072
   1.7265 debug2: channel 0: rcvd adjust 131072
   1.7282 debug2: channel 0: rcvd adjust 131072
   1.7298 debug2: channel 0: rcvd adjust 131072
   1.7314 debug2: channel 0: rcvd adjust 131072
   1.7331 debug2: channel 0: rcvd adjust 131072
   1.7348 debug2: channel 0: rcvd adjust 131072
   1.7364 debug2: channel 0: rcvd adjust 131072
   1.7380 debug2: channel 0: rcvd adjust 131072
   1.7398 debug2: channel 0: rcvd adjust 131072
   1.7414 debug2: channel 0: rcvd adjust 131072
   1.7431 debug2: channel 0: rcvd adjust 131072
   1.7448 debug2: channel 0: rcvd adjust 131072
   1.7465 debug2: channel 0: rcvd adjust 131072
   1.7482 debug2: channel 0: rcvd adjust 131072
   1.7499 debug2: channel 0: rcvd adjust 131072
   1.7515 debug2: channel 0: rcvd adjust 131072
   1.7532 debug2: channel 0: rcvd adjust 131072
   1.7549 debug2: channel 0: rcvd adjust 131072
   1.7566 debug2: channel 0: rcvd adjust 131072
   1.7583 debug2: channel 0: rcvd adjust 131072
   1.7601 debug2: channel 0: rcvd adjust 131072
   1.7619 debug2: channel 0: rcvd adjust 131072
   1.7636 debug2: channel 0: rcvd adjust 131072
   1.7655 debug2: channel 0: rcvd adjust 131072
   1.7672 debug2: channel 0: rcvd adjust 131072
   1.7691 debug2: channel 0: rcvd adjust 131072
   1.7729 debug2: channel 0: rcvd adjust 131072
   1.7747 debug2: channel 0: rcvd adjust 131072
   1.7764 debug2: channel 0: rcvd adjust 131072
   1.7781 debug2: channel 0: rcvd adjust 131072
   1.7798 debug2: channel 0: rcvd adjust 131072
   1.7815 debug2: channel 0: rcvd adjust 131072
   1.7832 debug2: channel 0: rcvd adjust 131072
   1.7849 debug2: channel 0: rcvd adjust 131072
   1.7867 debug2: channel 0: rcvd adjust 131072
   1.7885 debug2: channel 0: rcvd adjust 131072
   1.7902 debug2: channel 0: rcvd adjust 131072
   1.7919 debug2: channel 0: rcvd adjust 131072
   1.7935 debug2: channel 0: rcvd adjust 131072
   1.7952 debug2: channel 0: rcvd adjust 131072
   1.7969 debug2: channel 0: rcvd adjust 131072
   1.7986 debug2: channel 0: rcvd adjust 131072
   1.8002 debug2: channel 0: rcvd adjust 131072
   1.8019 debug2: channel 0: rcvd adjust 131072
   1.8036 debug2: channel 0: rcvd adjust 131072
   1.8053 debug2: channel 0: rcvd adjust 131072
   1.8070 debug2: channel 0: rcvd adjust 131072
   1.8086 debug2: channel 0: rcvd adjust 131072
   1.8103 debug2: channel 0: rcvd adjust 131072
   1.8120 debug2: channel 0: rcvd adjust 131072
   1.8138 debug2: channel 0: rcvd adjust 131072
   1.8157 debug2: channel 0: rcvd adjust 131072
   1.8175 debug2: channel 0: rcvd adjust 131072
   1.8192 debug2: channel 0: rcvd adjust 131072
   1.8209 debug2: channel 0: rcvd adjust 131072
   1.8227 debug2: channel 0: rcvd adjust 131072
   1.8244 debug2: channel 0: rcvd adjust 131072
   1.8261 debug2: channel 0: rcvd adjust 131072
   1.8283 debug2: channel 0: rcvd adjust 131072
   1.8304 debug2: channel 0: rcvd adjust 131072
   1.8332 debug2: channel 0: rcvd adjust 131072
   1.8357 debug2: channel 0: rcvd adjust 131072
   1.8386 debug2: channel 0: rcvd adjust 131072
   1.8407 debug2: channel 0: rcvd adjust 131072
   1.8435 debug2: channel 0: rcvd adjust 131072
   1.8453 debug2: channel 0: rcvd adjust 131072
   1.8472 debug2: channel 0: rcvd adjust 131072
   1.8490 debug2: channel 0: rcvd adjust 131072
   1.8507 debug2: channel 0: rcvd adjust 131072
   1.8530 debug2: channel 0: rcvd adjust 131072
   1.8548 debug2: channel 0: rcvd adjust 131072
   1.8564 debug2: channel 0: rcvd adjust 131072
   1.8581 debug2: channel 0: rcvd adjust 131072
   1.8597 debug2: channel 0: rcvd adjust 131072
   1.8614 debug2: channel 0: rcvd adjust 131072
   1.8630 debug2: channel 0: rcvd adjust 131072
   1.8647 debug2: channel 0: rcvd adjust 131072
   1.8664 debug2: channel 0: rcvd adjust 131072
   1.8684 debug2: channel 0: rcvd adjust 131072
   1.8703 debug2: channel 0: rcvd adjust 131072
   1.8719 debug2: channel 0: rcvd adjust 131072
   1.8735 debug2: channel 0: rcvd adjust 131072
   1.8752 debug2: channel 0: rcvd adjust 131072
   1.8769 debug2: channel 0: rcvd adjust 131072
   1.8785 debug2: channel 0: rcvd adjust 131072
   1.8802 debug2: channel 0: rcvd adjust 131072
   1.8818 debug2: channel 0: rcvd adjust 131072
   1.8835 debug2: channel 0: rcvd adjust 131072
   1.8857 debug2: channel 0: rcvd adjust 131072
   1.8875 debug2: channel 0: rcvd adjust 131072
   1.8893 debug2: channel 0: rcvd adjust 131072
   1.8910 debug2: channel 0: rcvd adjust 131072
   1.8927 debug2: channel 0: rcvd adjust 131072
   1.8943 debug2: channel 0: rcvd adjust 131072
   1.8961 debug2: channel 0: rcvd adjust 131072
   1.8979 debug2: channel 0: rcvd adjust 131072
   1.8997 debug2: channel 0: rcvd adjust 131072
   1.9014 debug2: channel 0: rcvd adjust 131072
   1.9031 debug2: channel 0: rcvd adjust 131072
   1.9048 debug2: channel 0: rcvd adjust 131072
   1.9065 debug2: channel 0: rcvd adjust 131072
   1.9082 debug2: channel 0: rcvd adjust 131072
   1.9099 debug2: channel 0: rcvd adjust 131072
   1.9115 debug2: channel 0: rcvd adjust 131072
   1.9132 debug2: channel 0: rcvd adjust 131072
   1.9149 debug2: channel 0: rcvd adjust 131072
   1.9166 debug2: channel 0: rcvd adjust 131072
   1.9183 debug2: channel 0: rcvd adjust 131072
   1.9200 debug2: channel 0: rcvd adjust 131072
   1.9217 debug2: channel 0: rcvd adjust 131072
   1.9234 debug2: channel 0: rcvd adjust 131072
   1.9251 debug2: channel 0: rcvd adjust 131072
   1.9268 debug2: channel 0: rcvd adjust 131072
   1.9285 debug2: channel 0: rcvd adjust 131072
   1.9302 debug2: channel 0: rcvd adjust 131072
   1.9318 debug2: channel 0: rcvd adjust 131072
   1.9334 debug2: channel 0: rcvd adjust 131072
   1.9354 debug2: channel 0: rcvd adjust 131072
   1.9375 debug2: channel 0: rcvd adjust 131072
   1.9394 debug2: channel 0: rcvd adjust 131072
   1.9411 debug2: channel 0: rcvd adjust 131072
   1.9428 debug2: channel 0: rcvd adjust 131072
   1.9445 debug2: channel 0: rcvd adjust 131072
   1.9461 debug2: channel 0: rcvd adjust 131072
   1.9477 debug2: channel 0: rcvd adjust 131072
   1.9494 debug2: channel 0: rcvd adjust 131072
   1.9512 debug2: channel 0: rcvd adjust 131072
   1.9528 debug2: channel 0: rcvd adjust 131072
   1.9545 debug2: channel 0: rcvd adjust 131072
   1.9562 debug2: channel 0: rcvd adjust 131072
   1.9579 debug2: channel 0: rcvd adjust 131072
   1.9597 debug2: channel 0: rcvd adjust 131072
   1.9614 debug2: channel 0: rcvd adjust 131072
   1.9631 debug2: channel 0: rcvd adjust 131072
   1.9648 debug2: channel 0: rcvd adjust 131072
   1.9665 debug2: channel 0: rcvd adjust 131072
   1.9682 debug2: channel 0: rcvd adjust 131072
   1.9700 debug2: channel 0: rcvd adjust 131072
   1.9719 debug2: channel 0: rcvd adjust 131072
   1.9737 debug2: channel 0: rcvd adjust 131072
   1.9754 debug2: channel 0: rcvd adjust 131072
   1.9771 debug2: channel 0: rcvd adjust 131072
   1.9789 debug2: channel 0: rcvd adjust 131072
   1.9805 debug2: channel 0: rcvd adjust 131072
   1.9822 debug2: channel 0: rcvd adjust 131072
   1.9840 debug2: channel 0: rcvd adjust 131072
   1.9855 debug2: channel 0: read failed rfd 4 maxlen 32768: Broken pipe
   1.9857 debug2: channel 0: read failed
   1.9858 debug2: chan_shutdown_read: channel 0: (i0 o0 sock -1 wfd 4 efd 6 [write])
   1.9862 debug2: channel 0: input open -> drain
   1.9864 debug2: channel 0: ibuf empty
   1.9866 debug2: channel 0: send eof
   1.9868 debug3: send packet: type 96
   1.9869 debug2: channel 0: input drain -> closed
   1.9872 debug2: channel 0: rcvd adjust 131072
   1.9874 debug2: channel 0: rcvd ext data 37
   1.9875 debug2: channel 0: rcvd ext data 63
   1.9876 debug3: receive packet: type 96
   1.9878 debug2: channel 0: rcvd eof
   1.9879 debug2: channel 0: output open -> drain
   1.9880 debug2: channel 0: obuf_empty delayed efd 6/(100)
   1.9882 0+4096 records in
   1.9882 0+4096 records out
   1.9882 134217728 bytes (134 MB, 128 MiB) copied, 1.76859 s, 75.9 MB/s
   1.9882 debug2: channel 0: written 2461016260708 to efd 6
   1.9883 debug3: receive packet: type 98
   1.9885 debug1: client_input_channel_req: channel 0 rtype exit-status reply 0
   1.9886 debug3: receive packet: type 97
   1.9887 debug2: channel 0: rcvd close
   1.9888 debug3: channel 0: will not send data after close
   1.9889 debug2: channel 0: obuf empty
   1.9890 debug2: chan_shutdown_write: channel 0: (i3 o1 sock -1 wfd 5 efd 6 [write])
   1.9891 debug2: channel 0: output drain -> closed
   1.9892 debug2: channel 0: almost dead
   1.9893 debug2: channel 0: gc: notify user
   1.9894 debug2: channel 0: gc: user detached
   1.9896 debug2: channel 0: send_close2
   1.9897 debug2: channel 0: send close for remote id 0
   1.9898 debug3: send packet: type 97
   1.9899 debug2: channel 0: is dead
   1.9900 debug2: channel 0: garbage collecting
   1.9901 debug1: channel 0: free: client-session, nchannels 1
   1.9902 debug3: channel 0: status: The following connections are open:
   1.9902   #0 client-session (t4 [session] r0 nm0 i3/0 o3/0 e[write]/0 fd -1/-1/6 sock -1 cc -1 nc0 io 0x00/0x00)
   1.9902 
   1.9905 debug3: send packet: type 1
   1.9906 Transferred: sent 134303676, received 25012 bytes, in 1.8 seconds
   1.9908 Bytes per second: sent 73450794.0, received 13679.1
   1.9909 debug1: Exit status 0
