# ssh -vvv trace of one transfer, redacted.
#
# Connection setup and every line naming a key file, a host-key or public-key
# fingerprint, known_hosts, an authorized_keys entry, a home directory or an
# address has been removed -- none of it secret, none of it a measurement.
# What this file is kept for is the syscall and channel sequence of the data
# path, which is the evidence for the pipe/socket pump work
# (WINDOWS-PORT.md, 'Moar Speed!').
#
# 16 lines removed; 733 kept.
#
   0.1568 debug1: Entering interactive session.
   0.1571 debug1: pledge: filesystem
   0.1573 debug3: client_repledge: enter
   0.1851 debug3: receive packet: type 80
   0.1956 debug3: client_repledge: enter
   0.1958 debug3: receive packet: type 4
   0.1962 debug3: receive packet: type 4
   0.1965 debug3: receive packet: type 91
   0.1967 debug2: channel_input_open_confirmation: channel 0: callback start
   0.1969 debug2: fd 3 setting TCP_NODELAY
   0.1971 debug2: client_session2_setup: id 0
   0.1973 debug1: Sending command: dd of=/dev/null bs=1M
   0.1974 debug2: channel 0: request exec confirm 1
   0.1975 debug3: send packet: type 98
   0.1977 debug3: client_repledge: enter
   0.1979 debug1: pledge: fork
   0.1980 debug2: channel_input_open_confirmation: channel 0: callback done
   0.1982 debug2: channel 0: open confirm rwindow 0 rmax 32768
   0.1990 debug2: channel 0: rcvd adjust 2097152
   0.1991 debug3: receive packet: type 99
   0.1993 debug2: channel_input_status_confirm: type 99 id 0
   0.1994 debug2: exec request accepted on channel 0
   0.2062 debug2: channel 0: rcvd adjust 100352
   0.2121 debug2: channel 0: rcvd adjust 100352
   0.2179 debug2: channel 0: rcvd adjust 100352
   0.2237 debug2: channel 0: rcvd adjust 100352
   0.2296 debug2: channel 0: rcvd adjust 100352
   0.2355 debug2: channel 0: rcvd adjust 100352
   0.2411 debug2: channel 0: rcvd adjust 100352
   0.2514 debug2: channel 0: rcvd adjust 100352
   0.2576 debug2: channel 0: rcvd adjust 100352
   0.2634 debug2: channel 0: rcvd adjust 100352
   0.2692 debug2: channel 0: rcvd adjust 100352
   0.2750 debug2: channel 0: rcvd adjust 100352
   0.2808 debug2: channel 0: rcvd adjust 100352
   0.2866 debug2: channel 0: rcvd adjust 100352
   0.2924 debug2: channel 0: rcvd adjust 100352
   0.2983 debug2: channel 0: rcvd adjust 100352
   0.3048 debug2: channel 0: rcvd adjust 100352
   0.3106 debug2: channel 0: rcvd adjust 100352
   0.3163 debug2: channel 0: rcvd adjust 100352
   0.3220 debug2: channel 0: rcvd adjust 100352
   0.3279 debug2: channel 0: rcvd adjust 100352
   0.3338 debug2: channel 0: rcvd adjust 100352
   0.3396 debug2: channel 0: rcvd adjust 100352
   0.3466 debug2: channel 0: rcvd adjust 100352
   0.3527 debug2: channel 0: rcvd adjust 100352
   0.3586 debug2: channel 0: rcvd adjust 100352
   0.3643 debug2: channel 0: rcvd adjust 100352
   0.3700 debug2: channel 0: rcvd adjust 100352
   0.3758 debug2: channel 0: rcvd adjust 100352
   0.3817 debug2: channel 0: rcvd adjust 100352
   0.3875 debug2: channel 0: rcvd adjust 100352
   0.3935 debug2: channel 0: rcvd adjust 100352
   0.3995 debug2: channel 0: rcvd adjust 100352
   0.4053 debug2: channel 0: rcvd adjust 100352
   0.4112 debug2: channel 0: rcvd adjust 100352
   0.4182 debug2: channel 0: rcvd adjust 100352
   0.4241 debug2: channel 0: rcvd adjust 100352
   0.4302 debug2: channel 0: rcvd adjust 100352
   0.4360 debug2: channel 0: rcvd adjust 100352
   0.4419 debug2: channel 0: rcvd adjust 100352
   0.4479 debug2: channel 0: rcvd adjust 100352
   0.4539 debug2: channel 0: rcvd adjust 100352
   0.4598 debug2: channel 0: rcvd adjust 100352
   0.4665 debug2: channel 0: rcvd adjust 100352
   0.4723 debug2: channel 0: rcvd adjust 100352
   0.4786 debug2: channel 0: rcvd adjust 100352
   0.4843 debug2: channel 0: rcvd adjust 100352
   0.4901 debug2: channel 0: rcvd adjust 100352
   0.4961 debug2: channel 0: rcvd adjust 100352
   0.5020 debug2: channel 0: rcvd adjust 100352
   0.5080 debug2: channel 0: rcvd adjust 100352
   0.5145 debug2: channel 0: rcvd adjust 100352
   0.5205 debug2: channel 0: rcvd adjust 100352
   0.5274 debug2: channel 0: rcvd adjust 100352
   0.5350 debug2: channel 0: rcvd adjust 100352
   0.5410 debug2: channel 0: rcvd adjust 100352
   0.5472 debug2: channel 0: rcvd adjust 100352
   0.5529 debug2: channel 0: rcvd adjust 100352
   0.5590 debug2: channel 0: rcvd adjust 100352
   0.5652 debug2: channel 0: rcvd adjust 100352
   0.5712 debug2: channel 0: rcvd adjust 100352
   0.5771 debug2: channel 0: rcvd adjust 100352
   0.5833 debug2: channel 0: rcvd adjust 100352
   0.5888 debug2: channel 0: rcvd adjust 100352
   0.5952 debug2: channel 0: rcvd adjust 100352
   0.6009 debug2: channel 0: rcvd adjust 100352
   0.6068 debug2: channel 0: rcvd adjust 100352
   0.6128 debug2: channel 0: rcvd adjust 100352
   0.6186 debug2: channel 0: rcvd adjust 100352
   0.6245 debug2: channel 0: rcvd adjust 100352
   0.6304 debug2: channel 0: rcvd adjust 100352
   0.6363 debug2: channel 0: rcvd adjust 100352
   0.6419 debug2: channel 0: rcvd adjust 100352
   0.6494 debug2: channel 0: rcvd adjust 100352
   0.6552 debug2: channel 0: rcvd adjust 100352
   0.6614 debug2: channel 0: rcvd adjust 100352
   0.6672 debug2: channel 0: rcvd adjust 100352
   0.6730 debug2: channel 0: rcvd adjust 100352
   0.6789 debug2: channel 0: rcvd adjust 100352
   0.6846 debug2: channel 0: rcvd adjust 100352
   0.6904 debug2: channel 0: rcvd adjust 100352
   0.6962 debug2: channel 0: rcvd adjust 100352
   0.7021 debug2: channel 0: rcvd adjust 100352
   0.7080 debug2: channel 0: rcvd adjust 100352
   0.7137 debug2: channel 0: rcvd adjust 100352
   0.7195 debug2: channel 0: rcvd adjust 100352
   0.7252 debug2: channel 0: rcvd adjust 100352
   0.7309 debug2: channel 0: rcvd adjust 100352
   0.7366 debug2: channel 0: rcvd adjust 100352
   0.7424 debug2: channel 0: rcvd adjust 100352
   0.7480 debug2: channel 0: rcvd adjust 100352
   0.7539 debug2: channel 0: rcvd adjust 100352
   0.7610 debug2: channel 0: rcvd adjust 100352
   0.7666 debug2: channel 0: rcvd adjust 100352
   0.7726 debug2: channel 0: rcvd adjust 100352
   0.7791 debug2: channel 0: rcvd adjust 100352
   0.7848 debug2: channel 0: rcvd adjust 100352
   0.7905 debug2: channel 0: rcvd adjust 100352
   0.7962 debug2: channel 0: rcvd adjust 100352
   0.8019 debug2: channel 0: rcvd adjust 100352
   0.8076 debug2: channel 0: rcvd adjust 100352
   0.8135 debug2: channel 0: rcvd adjust 100352
   0.8194 debug2: channel 0: rcvd adjust 100352
   0.8252 debug2: channel 0: rcvd adjust 100352
   0.8309 debug2: channel 0: rcvd adjust 100352
   0.8368 debug2: channel 0: rcvd adjust 100352
   0.8424 debug2: channel 0: rcvd adjust 100352
   0.8481 debug2: channel 0: rcvd adjust 100352
   0.8542 debug2: channel 0: rcvd adjust 100352
   0.8601 debug2: channel 0: rcvd adjust 100352
   0.8659 debug2: channel 0: rcvd adjust 100352
   0.8719 debug2: channel 0: rcvd adjust 100352
   0.8777 debug2: channel 0: rcvd adjust 100352
   0.8834 debug2: channel 0: rcvd adjust 100352
   0.8892 debug2: channel 0: rcvd adjust 100352
   0.8950 debug2: channel 0: rcvd adjust 100352
   0.9006 debug2: channel 0: rcvd adjust 100352
   0.9062 debug2: channel 0: rcvd adjust 100352
   0.9120 debug2: channel 0: rcvd adjust 100352
   0.9178 debug2: channel 0: rcvd adjust 100352
   0.9235 debug2: channel 0: rcvd adjust 100352
   0.9295 debug2: channel 0: rcvd adjust 100352
   0.9353 debug2: channel 0: rcvd adjust 100352
   0.9410 debug2: channel 0: rcvd adjust 100352
   0.9469 debug2: channel 0: rcvd adjust 100352
   0.9527 debug2: channel 0: rcvd adjust 100352
   0.9585 debug2: channel 0: rcvd adjust 100352
   0.9644 debug2: channel 0: rcvd adjust 100352
   0.9701 debug2: channel 0: rcvd adjust 100352
   0.9760 debug2: channel 0: rcvd adjust 100352
   0.9822 debug2: channel 0: rcvd adjust 100352
   0.9884 debug2: channel 0: rcvd adjust 100352
   0.9942 debug2: channel 0: rcvd adjust 100352
   0.9998 debug2: channel 0: rcvd adjust 100352
   1.0056 debug2: channel 0: rcvd adjust 100352
   1.0115 debug2: channel 0: rcvd adjust 100352
   1.0173 debug2: channel 0: rcvd adjust 100352
   1.0231 debug2: channel 0: rcvd adjust 100352
   1.0289 debug2: channel 0: rcvd adjust 100352
   1.0347 debug2: channel 0: rcvd adjust 100352
   1.0406 debug2: channel 0: rcvd adjust 100352
   1.0465 debug2: channel 0: rcvd adjust 100352
   1.0523 debug2: channel 0: rcvd adjust 100352
   1.0583 debug2: channel 0: rcvd adjust 100352
   1.0644 debug2: channel 0: rcvd adjust 100352
   1.0701 debug2: channel 0: rcvd adjust 100352
   1.0761 debug2: channel 0: rcvd adjust 100352
   1.0820 debug2: channel 0: rcvd adjust 100352
   1.0878 debug2: channel 0: rcvd adjust 100352
   1.0937 debug2: channel 0: rcvd adjust 100352
   1.1014 debug2: channel 0: rcvd adjust 100352
   1.1072 debug2: channel 0: rcvd adjust 100352
   1.1133 debug2: channel 0: rcvd adjust 100352
   1.1190 debug2: channel 0: rcvd adjust 100352
   1.1248 debug2: channel 0: rcvd adjust 100352
   1.1322 debug2: channel 0: rcvd adjust 100352
   1.1379 debug2: channel 0: rcvd adjust 100352
   1.1435 debug2: channel 0: rcvd adjust 100352
   1.1491 debug2: channel 0: rcvd adjust 100352
   1.1546 debug2: channel 0: rcvd adjust 100352
   1.1613 debug2: channel 0: rcvd adjust 100352
   1.1670 debug2: channel 0: rcvd adjust 100352
   1.1728 debug2: channel 0: rcvd adjust 100352
   1.1798 debug2: channel 0: rcvd adjust 100352
   1.1855 debug2: channel 0: rcvd adjust 100352
   1.1915 debug2: channel 0: rcvd adjust 100352
   1.1988 debug2: channel 0: rcvd adjust 100352
   1.2046 debug2: channel 0: rcvd adjust 100352
   1.2110 debug2: channel 0: rcvd adjust 100352
   1.2185 debug2: channel 0: rcvd adjust 100352
   1.2271 debug2: channel 0: rcvd adjust 100352
   1.2331 debug2: channel 0: rcvd adjust 100352
   1.2390 debug2: channel 0: rcvd adjust 100352
   1.2460 debug2: channel 0: rcvd adjust 100352
   1.2518 debug2: channel 0: rcvd adjust 100352
   1.2576 debug2: channel 0: rcvd adjust 100352
   1.2637 debug2: channel 0: rcvd adjust 100352
   1.2695 debug2: channel 0: rcvd adjust 100352
   1.2753 debug2: channel 0: rcvd adjust 100352
   1.2816 debug2: channel 0: rcvd adjust 100352
   1.2874 debug2: channel 0: rcvd adjust 100352
   1.2933 debug2: channel 0: rcvd adjust 100352
   1.2991 debug2: channel 0: rcvd adjust 100352
   1.3050 debug2: channel 0: rcvd adjust 100352
   1.3131 debug2: channel 0: rcvd adjust 100352
   1.3189 debug2: channel 0: rcvd adjust 100352
   1.3248 debug2: channel 0: rcvd adjust 100352
   1.3311 debug2: channel 0: rcvd adjust 100352
   1.3370 debug2: channel 0: rcvd adjust 100352
   1.3434 debug2: channel 0: rcvd adjust 100352
   1.3496 debug2: channel 0: rcvd adjust 100352
   1.3553 debug2: channel 0: rcvd adjust 100352
   1.3612 debug2: channel 0: rcvd adjust 100352
   1.3670 debug2: channel 0: rcvd adjust 100352
   1.3729 debug2: channel 0: rcvd adjust 100352
   1.3789 debug2: channel 0: rcvd adjust 100352
   1.3847 debug2: channel 0: rcvd adjust 100352
   1.3907 debug2: channel 0: rcvd adjust 100352
   1.3967 debug2: channel 0: rcvd adjust 100352
   1.4032 debug2: channel 0: rcvd adjust 100352
   1.4091 debug2: channel 0: rcvd adjust 100352
   1.4151 debug2: channel 0: rcvd adjust 100352
   1.4210 debug2: channel 0: rcvd adjust 100352
   1.4275 debug2: channel 0: rcvd adjust 100352
   1.4332 debug2: channel 0: rcvd adjust 100352
   1.4391 debug2: channel 0: rcvd adjust 100352
   1.4450 debug2: channel 0: rcvd adjust 100352
   1.4508 debug2: channel 0: rcvd adjust 100352
   1.4567 debug2: channel 0: rcvd adjust 100352
   1.4626 debug2: channel 0: rcvd adjust 100352
   1.4686 debug2: channel 0: rcvd adjust 100352
   1.4744 debug2: channel 0: rcvd adjust 100352
   1.4804 debug2: channel 0: rcvd adjust 100352
   1.4861 debug2: channel 0: rcvd adjust 100352
   1.4919 debug2: channel 0: rcvd adjust 100352
   1.4978 debug2: channel 0: rcvd adjust 100352
   1.5037 debug2: channel 0: rcvd adjust 100352
   1.5096 debug2: channel 0: rcvd adjust 100352
   1.5154 debug2: channel 0: rcvd adjust 100352
   1.5215 debug2: channel 0: rcvd adjust 100352
   1.5274 debug2: channel 0: rcvd adjust 100352
   1.5334 debug2: channel 0: rcvd adjust 100352
   1.5401 debug2: channel 0: rcvd adjust 100352
   1.5460 debug2: channel 0: rcvd adjust 100352
   1.5525 debug2: channel 0: rcvd adjust 100352
   1.5584 debug2: channel 0: rcvd adjust 100352
   1.5642 debug2: channel 0: rcvd adjust 100352
   1.5701 debug2: channel 0: rcvd adjust 100352
   1.5758 debug2: channel 0: rcvd adjust 100352
   1.5826 debug2: channel 0: rcvd adjust 100352
   1.5881 debug2: channel 0: rcvd adjust 100352
   1.5936 debug2: channel 0: rcvd adjust 100352
   1.5998 debug2: channel 0: rcvd adjust 100352
   1.6055 debug2: channel 0: rcvd adjust 100352
   1.6114 debug2: channel 0: rcvd adjust 100352
   1.6172 debug2: channel 0: rcvd adjust 100352
   1.6230 debug2: channel 0: rcvd adjust 100352
   1.6288 debug2: channel 0: rcvd adjust 100352
   1.6345 debug2: channel 0: rcvd adjust 100352
   1.6403 debug2: channel 0: rcvd adjust 100352
   1.6463 debug2: channel 0: rcvd adjust 100352
   1.6539 debug2: channel 0: rcvd adjust 100352
   1.6599 debug2: channel 0: rcvd adjust 100352
   1.6657 debug2: channel 0: rcvd adjust 100352
   1.6715 debug2: channel 0: rcvd adjust 100352
   1.6777 debug2: channel 0: rcvd adjust 100352
   1.6834 debug2: channel 0: rcvd adjust 100352
   1.6892 debug2: channel 0: rcvd adjust 100352
   1.6950 debug2: channel 0: rcvd adjust 100352
   1.7009 debug2: channel 0: rcvd adjust 100352
   1.7069 debug2: channel 0: rcvd adjust 100352
   1.7129 debug2: channel 0: rcvd adjust 100352
   1.7187 debug2: channel 0: rcvd adjust 100352
   1.7244 debug2: channel 0: rcvd adjust 100352
   1.7303 debug2: channel 0: rcvd adjust 100352
   1.7360 debug2: channel 0: rcvd adjust 100352
   1.7419 debug2: channel 0: rcvd adjust 100352
   1.7478 debug2: channel 0: rcvd adjust 100352
   1.7536 debug2: channel 0: rcvd adjust 100352
   1.7599 debug2: channel 0: rcvd adjust 100352
   1.7778 debug2: channel 0: rcvd adjust 100352
   1.7868 debug2: channel 0: rcvd adjust 100352
   1.7925 debug2: channel 0: rcvd adjust 100352
   1.8003 debug2: channel 0: rcvd adjust 100352
   1.8066 debug2: channel 0: rcvd adjust 100352
   1.8125 debug2: channel 0: rcvd adjust 100352
   1.8188 debug2: channel 0: rcvd adjust 100352
   1.8245 debug2: channel 0: rcvd adjust 100352
   1.8304 debug2: channel 0: rcvd adjust 100352
   1.8362 debug2: channel 0: rcvd adjust 100352
   1.8420 debug2: channel 0: rcvd adjust 100352
   1.8481 debug2: channel 0: rcvd adjust 100352
   1.8538 debug2: channel 0: rcvd adjust 100352
   1.8595 debug2: channel 0: rcvd adjust 100352
   1.8652 debug2: channel 0: rcvd adjust 100352
   1.8715 debug2: channel 0: rcvd adjust 100352
   1.8774 debug2: channel 0: rcvd adjust 100352
   1.8831 debug2: channel 0: rcvd adjust 100352
   1.8887 debug2: channel 0: rcvd adjust 100352
   1.8946 debug2: channel 0: rcvd adjust 100352
   1.9004 debug2: channel 0: rcvd adjust 100352
   1.9061 debug2: channel 0: rcvd adjust 100352
   1.9119 debug2: channel 0: rcvd adjust 100352
   1.9180 debug2: channel 0: rcvd adjust 100352
   1.9239 debug2: channel 0: rcvd adjust 100352
   1.9297 debug2: channel 0: rcvd adjust 100352
   1.9354 debug2: channel 0: rcvd adjust 100352
   1.9411 debug2: channel 0: rcvd adjust 100352
   1.9472 debug2: channel 0: rcvd adjust 100352
   1.9531 debug2: channel 0: rcvd adjust 100352
   1.9589 debug2: channel 0: rcvd adjust 100352
   1.9648 debug2: channel 0: rcvd adjust 100352
   1.9703 debug2: channel 0: rcvd adjust 100352
   1.9759 debug2: channel 0: rcvd adjust 100352
   1.9816 debug2: channel 0: rcvd adjust 100352
   1.9872 debug2: channel 0: rcvd adjust 100352
   1.9939 debug2: channel 0: rcvd adjust 100352
   1.9997 debug2: channel 0: rcvd adjust 100352
   2.0053 debug2: channel 0: rcvd adjust 100352
   2.0113 debug2: channel 0: rcvd adjust 100352
   2.0174 debug2: channel 0: rcvd adjust 100352
   2.0230 debug2: channel 0: rcvd adjust 100352
   2.0289 debug2: channel 0: rcvd adjust 100352
   2.0346 debug2: channel 0: rcvd adjust 100352
   2.0403 debug2: channel 0: rcvd adjust 100352
   2.0460 debug2: channel 0: rcvd adjust 100352
   2.0517 debug2: channel 0: rcvd adjust 100352
   2.0575 debug2: channel 0: rcvd adjust 100352
   2.0632 debug2: channel 0: rcvd adjust 100352
   2.0690 debug2: channel 0: rcvd adjust 100352
   2.0747 debug2: channel 0: rcvd adjust 100352
   2.0804 debug2: channel 0: rcvd adjust 100352
   2.0860 debug2: channel 0: rcvd adjust 100352
   2.0928 debug2: channel 0: rcvd adjust 100352
   2.0985 debug2: channel 0: rcvd adjust 100352
   2.1041 debug2: channel 0: rcvd adjust 100352
   2.1100 debug2: channel 0: rcvd adjust 100352
   2.1157 debug2: channel 0: rcvd adjust 100352
   2.1215 debug2: channel 0: rcvd adjust 100352
   2.1276 debug2: channel 0: rcvd adjust 100352
   2.1334 debug2: channel 0: rcvd adjust 100352
   2.1398 debug2: channel 0: rcvd adjust 100352
   2.1485 debug2: channel 0: rcvd adjust 100352
   2.1545 debug2: channel 0: rcvd adjust 100352
   2.1606 debug2: channel 0: rcvd adjust 102400
   2.1664 debug2: channel 0: rcvd adjust 104448
   2.1721 debug2: channel 0: rcvd adjust 102400
   2.1780 debug2: channel 0: rcvd adjust 104448
   2.1837 debug2: channel 0: rcvd adjust 102400
   2.1897 debug2: channel 0: rcvd adjust 106496
   2.1965 debug2: channel 0: rcvd adjust 102400
   2.2011 debug2: channel 0: rcvd adjust 100352
   2.2057 debug2: channel 0: rcvd adjust 100352
   2.2132 debug2: channel 0: rcvd adjust 100352
   2.2184 debug2: channel 0: rcvd adjust 100352
   2.2244 debug2: channel 0: rcvd adjust 102400
   2.2291 debug2: channel 0: rcvd adjust 100352
   2.2347 debug2: channel 0: rcvd adjust 100352
   2.2404 debug2: channel 0: rcvd adjust 100352
   2.2466 debug2: channel 0: rcvd adjust 100352
   2.2523 debug2: channel 0: rcvd adjust 100352
   2.2580 debug2: channel 0: rcvd adjust 100352
   2.2637 debug2: channel 0: rcvd adjust 100352
   2.2695 debug2: channel 0: rcvd adjust 100352
   2.2752 debug2: channel 0: rcvd adjust 100352
   2.2809 debug2: channel 0: rcvd adjust 100352
   2.2866 debug2: channel 0: rcvd adjust 100352
   2.2924 debug2: channel 0: rcvd adjust 100352
   2.2981 debug2: channel 0: rcvd adjust 100352
   2.3038 debug2: channel 0: rcvd adjust 100352
   2.3095 debug2: channel 0: rcvd adjust 100352
   2.3152 debug2: channel 0: rcvd adjust 100352
   2.3211 debug2: channel 0: rcvd adjust 100352
   2.3277 debug2: channel 0: rcvd adjust 100352
   2.3334 debug2: channel 0: rcvd adjust 100352
   2.3391 debug2: channel 0: rcvd adjust 100352
   2.3453 debug2: channel 0: rcvd adjust 100352
   2.3515 debug2: channel 0: rcvd adjust 100352
   2.3571 debug2: channel 0: rcvd adjust 100352
   2.3630 debug2: channel 0: rcvd adjust 100352
   2.3687 debug2: channel 0: rcvd adjust 100352
   2.3744 debug2: channel 0: rcvd adjust 100352
   2.3801 debug2: channel 0: rcvd adjust 100352
   2.3859 debug2: channel 0: rcvd adjust 100352
   2.3916 debug2: channel 0: rcvd adjust 100352
   2.3974 debug2: channel 0: rcvd adjust 100352
   2.4045 debug2: channel 0: rcvd adjust 100352
   2.4116 debug2: channel 0: rcvd adjust 100352
   2.4174 debug2: channel 0: rcvd adjust 100352
   2.4231 debug2: channel 0: rcvd adjust 100352
   2.4290 debug2: channel 0: rcvd adjust 100352
   2.4347 debug2: channel 0: rcvd adjust 100352
   2.4408 debug2: channel 0: rcvd adjust 100352
   2.4469 debug2: channel 0: rcvd adjust 100352
   2.4526 debug2: channel 0: rcvd adjust 100352
   2.4584 debug2: channel 0: rcvd adjust 100352
   2.4642 debug2: channel 0: rcvd adjust 100352
   2.4700 debug2: channel 0: rcvd adjust 100352
   2.4757 debug2: channel 0: rcvd adjust 100352
   2.4814 debug2: channel 0: rcvd adjust 100352
   2.4871 debug2: channel 0: rcvd adjust 100352
   2.4928 debug2: channel 0: rcvd adjust 100352
   2.4985 debug2: channel 0: rcvd adjust 100352
   2.5045 debug2: channel 0: rcvd adjust 100352
   2.5105 debug2: channel 0: rcvd adjust 100352
   2.5161 debug2: channel 0: rcvd adjust 100352
   2.5218 debug2: channel 0: rcvd adjust 100352
   2.5276 debug2: channel 0: rcvd adjust 100352
   2.5333 debug2: channel 0: rcvd adjust 100352
   2.5390 debug2: channel 0: rcvd adjust 100352
   2.5447 debug2: channel 0: rcvd adjust 100352
   2.5513 debug2: channel 0: rcvd adjust 100352
   2.5577 debug2: channel 0: rcvd adjust 100352
   2.5635 debug2: channel 0: rcvd adjust 100352
   2.5692 debug2: channel 0: rcvd adjust 100352
   2.5750 debug2: channel 0: rcvd adjust 100352
   2.5811 debug2: channel 0: rcvd adjust 100352
   2.5867 debug2: channel 0: rcvd adjust 100352
   2.5921 debug2: channel 0: rcvd adjust 100352
   2.5977 debug2: channel 0: rcvd adjust 100352
   2.6032 debug2: channel 0: rcvd adjust 100352
   2.6089 debug2: channel 0: rcvd adjust 100352
   2.6146 debug2: channel 0: rcvd adjust 100352
   2.6205 debug2: channel 0: rcvd adjust 100352
   2.6264 debug2: channel 0: rcvd adjust 100352
   2.6337 debug2: channel 0: rcvd adjust 100352
   2.6395 debug2: channel 0: rcvd adjust 100352
   2.6456 debug2: channel 0: rcvd adjust 100352
   2.6514 debug2: channel 0: rcvd adjust 100352
   2.6571 debug2: channel 0: rcvd adjust 100352
   2.6632 debug2: channel 0: rcvd adjust 100352
   2.6689 debug2: channel 0: rcvd adjust 100352
   2.6745 debug2: channel 0: rcvd adjust 100352
   2.6807 debug2: channel 0: rcvd adjust 100352
   2.6863 debug2: channel 0: rcvd adjust 100352
   2.6922 debug2: channel 0: rcvd adjust 100352
   2.6984 debug2: channel 0: rcvd adjust 100352
   2.7041 debug2: channel 0: rcvd adjust 100352
   2.7102 debug2: channel 0: rcvd adjust 100352
   2.7159 debug2: channel 0: rcvd adjust 100352
   2.7216 debug2: channel 0: rcvd adjust 100352
   2.7274 debug2: channel 0: rcvd adjust 100352
   2.7331 debug2: channel 0: rcvd adjust 100352
   2.7388 debug2: channel 0: rcvd adjust 100352
   2.7445 debug2: channel 0: rcvd adjust 100352
   2.7502 debug2: channel 0: rcvd adjust 100352
   2.7559 debug2: channel 0: rcvd adjust 100352
   2.7617 debug2: channel 0: rcvd adjust 100352
   2.7688 debug2: channel 0: rcvd adjust 100352
   2.7744 debug2: channel 0: rcvd adjust 100352
   2.7804 debug2: channel 0: rcvd adjust 100352
   2.7866 debug2: channel 0: rcvd adjust 100352
   2.7923 debug2: channel 0: rcvd adjust 100352
   2.7982 debug2: channel 0: rcvd adjust 100352
   2.8039 debug2: channel 0: rcvd adjust 100352
   2.8096 debug2: channel 0: rcvd adjust 100352
   2.8153 debug2: channel 0: rcvd adjust 100352
   2.8212 debug2: channel 0: rcvd adjust 100352
   2.8270 debug2: channel 0: rcvd adjust 100352
   2.8327 debug2: channel 0: rcvd adjust 100352
   2.8383 debug2: channel 0: rcvd adjust 100352
   2.8442 debug2: channel 0: rcvd adjust 100352
   2.8499 debug2: channel 0: rcvd adjust 100352
   2.8556 debug2: channel 0: rcvd adjust 100352
   2.8612 debug2: channel 0: rcvd adjust 100352
   2.8670 debug2: channel 0: rcvd adjust 100352
   2.8726 debug2: channel 0: rcvd adjust 100352
   2.8785 debug2: channel 0: rcvd adjust 100352
   2.8845 debug2: channel 0: rcvd adjust 100352
   2.8902 debug2: channel 0: rcvd adjust 100352
   2.8961 debug2: channel 0: rcvd adjust 100352
   2.9018 debug2: channel 0: rcvd adjust 100352
   2.9074 debug2: channel 0: rcvd adjust 100352
   2.9134 debug2: channel 0: rcvd adjust 100352
   2.9191 debug2: channel 0: rcvd adjust 100352
   2.9249 debug2: channel 0: rcvd adjust 100352
   2.9308 debug2: channel 0: rcvd adjust 100352
   2.9365 debug2: channel 0: rcvd adjust 100352
   2.9422 debug2: channel 0: rcvd adjust 100352
   2.9479 debug2: channel 0: rcvd adjust 100352
   2.9535 debug2: channel 0: rcvd adjust 100352
   2.9592 debug2: channel 0: rcvd adjust 100352
   2.9649 debug2: channel 0: rcvd adjust 100352
   2.9706 debug2: channel 0: rcvd adjust 100352
   2.9764 debug2: channel 0: rcvd adjust 100352
   2.9822 debug2: channel 0: rcvd adjust 100352
   2.9879 debug2: channel 0: rcvd adjust 100352
   2.9951 debug2: channel 0: rcvd adjust 100352
   3.0010 debug2: channel 0: rcvd adjust 100352
   3.0071 debug2: channel 0: rcvd adjust 100352
   3.0144 debug2: channel 0: rcvd adjust 100352
   3.0200 debug2: channel 0: rcvd adjust 100352
   3.0257 debug2: channel 0: rcvd adjust 100352
   3.0317 debug2: channel 0: rcvd adjust 100352
   3.0374 debug2: channel 0: rcvd adjust 100352
   3.0435 debug2: channel 0: rcvd adjust 100352
   3.0492 debug2: channel 0: rcvd adjust 100352
   3.0550 debug2: channel 0: rcvd adjust 100352
   3.0611 debug2: channel 0: rcvd adjust 100352
   3.0668 debug2: channel 0: rcvd adjust 100352
   3.0725 debug2: channel 0: rcvd adjust 100352
   3.0785 debug2: channel 0: rcvd adjust 100352
   3.0843 debug2: channel 0: rcvd adjust 100352
   3.0902 debug2: channel 0: rcvd adjust 100352
   3.0960 debug2: channel 0: rcvd adjust 100352
   3.1017 debug2: channel 0: rcvd adjust 100352
   3.1079 debug2: channel 0: rcvd adjust 100352
   3.1139 debug2: channel 0: rcvd adjust 100352
   3.1195 debug2: channel 0: rcvd adjust 100352
   3.1252 debug2: channel 0: rcvd adjust 100352
   3.1313 debug2: channel 0: rcvd adjust 100352
   3.1377 debug2: channel 0: rcvd adjust 100352
   3.1438 debug2: channel 0: rcvd adjust 100352
   3.1496 debug2: channel 0: rcvd adjust 100352
   3.1554 debug2: channel 0: rcvd adjust 100352
   3.1615 debug2: channel 0: rcvd adjust 100352
   3.1672 debug2: channel 0: rcvd adjust 100352
   3.1729 debug2: channel 0: rcvd adjust 100352
   3.1791 debug2: channel 0: rcvd adjust 100352
   3.1847 debug2: channel 0: rcvd adjust 100352
   3.1905 debug2: channel 0: rcvd adjust 100352
   3.1963 debug2: channel 0: rcvd adjust 100352
   3.2020 debug2: channel 0: rcvd adjust 100352
   3.2077 debug2: channel 0: rcvd adjust 100352
   3.2134 debug2: channel 0: rcvd adjust 100352
   3.2201 debug2: channel 0: rcvd adjust 100352
   3.2258 debug2: channel 0: rcvd adjust 100352
   3.2317 debug2: channel 0: rcvd adjust 100352
   3.2373 debug2: channel 0: rcvd adjust 100352
   3.2435 debug2: channel 0: rcvd adjust 100352
   3.2492 debug2: channel 0: rcvd adjust 100352
   3.2550 debug2: channel 0: rcvd adjust 100352
   3.2607 debug2: channel 0: rcvd adjust 100352
   3.2665 debug2: channel 0: rcvd adjust 100352
   3.2722 debug2: channel 0: rcvd adjust 100352
   3.2780 debug2: channel 0: rcvd adjust 100352
   3.2836 debug2: channel 0: rcvd adjust 100352
   3.2894 debug2: channel 0: rcvd adjust 100352
   3.2951 debug2: channel 0: rcvd adjust 100352
   3.3008 debug2: channel 0: rcvd adjust 100352
   3.3065 debug2: channel 0: rcvd adjust 100352
   3.3122 debug2: channel 0: rcvd adjust 100352
   3.3180 debug2: channel 0: rcvd adjust 100352
   3.3237 debug2: channel 0: rcvd adjust 100352
   3.3295 debug2: channel 0: rcvd adjust 100352
   3.3360 debug2: channel 0: rcvd adjust 100352
   3.3417 debug2: channel 0: rcvd adjust 100352
   3.3482 debug2: channel 0: rcvd adjust 100352
   3.3540 debug2: channel 0: rcvd adjust 100352
   3.3598 debug2: channel 0: rcvd adjust 100352
   3.3654 debug2: channel 0: rcvd adjust 100352
   3.3712 debug2: channel 0: rcvd adjust 100352
   3.3769 debug2: channel 0: rcvd adjust 100352
   3.3826 debug2: channel 0: rcvd adjust 100352
   3.3883 debug2: channel 0: rcvd adjust 100352
   3.3942 debug2: channel 0: rcvd adjust 100352
   3.3999 debug2: channel 0: rcvd adjust 100352
   3.4055 debug2: channel 0: rcvd adjust 100352
   3.4112 debug2: channel 0: rcvd adjust 100352
   3.4169 debug2: channel 0: rcvd adjust 100352
   3.4227 debug2: channel 0: rcvd adjust 100352
   3.4285 debug2: channel 0: rcvd adjust 100352
   3.4342 debug2: channel 0: rcvd adjust 100352
   3.4399 debug2: channel 0: rcvd adjust 100352
   3.4458 debug2: channel 0: rcvd adjust 100352
   3.4523 debug2: channel 0: rcvd adjust 100352
   3.4580 debug2: channel 0: rcvd adjust 100352
   3.4638 debug2: channel 0: rcvd adjust 100352
   3.4695 debug2: channel 0: rcvd adjust 100352
   3.4753 debug2: channel 0: rcvd adjust 100352
   3.4812 debug2: channel 0: rcvd adjust 100352
   3.4870 debug2: channel 0: rcvd adjust 100352
   3.4927 debug2: channel 0: rcvd adjust 100352
   3.4984 debug2: channel 0: rcvd adjust 100352
   3.5041 debug2: channel 0: rcvd adjust 100352
   3.5099 debug2: channel 0: rcvd adjust 100352
   3.5155 debug2: channel 0: rcvd adjust 100352
   3.5212 debug2: channel 0: rcvd adjust 100352
   3.5269 debug2: channel 0: rcvd adjust 100352
   3.5326 debug2: channel 0: rcvd adjust 100352
   3.5383 debug2: channel 0: rcvd adjust 100352
   3.5440 debug2: channel 0: rcvd adjust 100352
   3.5497 debug2: channel 0: rcvd adjust 100352
   3.5554 debug2: channel 0: rcvd adjust 100352
   3.5613 debug2: channel 0: rcvd adjust 100352
   3.5670 debug2: channel 0: rcvd adjust 100352
   3.5727 debug2: channel 0: rcvd adjust 100352
   3.5785 debug2: channel 0: rcvd adjust 100352
   3.5841 debug2: channel 0: rcvd adjust 100352
   3.5900 debug2: channel 0: rcvd adjust 100352
   3.5956 debug2: channel 0: rcvd adjust 100352
   3.6010 debug2: channel 0: rcvd adjust 100352
   3.6067 debug2: channel 0: rcvd adjust 100352
   3.6125 debug2: channel 0: rcvd adjust 100352
   3.6182 debug2: channel 0: rcvd adjust 100352
   3.6237 debug2: channel 0: rcvd adjust 100352
   3.6292 debug2: channel 0: rcvd adjust 100352
   3.6345 debug2: channel 0: rcvd adjust 100352
   3.6402 debug2: channel 0: rcvd adjust 100352
   3.6465 debug2: channel 0: rcvd adjust 100352
   3.6521 debug2: channel 0: rcvd adjust 100352
   3.6578 debug2: channel 0: rcvd adjust 100352
   3.6645 debug2: channel 0: rcvd adjust 100352
   3.6702 debug2: channel 0: rcvd adjust 100352
   3.6763 debug2: channel 0: rcvd adjust 100352
   3.6823 debug2: channel 0: rcvd adjust 100352
   3.6879 debug2: channel 0: rcvd adjust 100352
   3.6939 debug2: channel 0: rcvd adjust 100352
   3.6995 debug2: channel 0: rcvd adjust 100352
   3.7052 debug2: channel 0: rcvd adjust 100352
   3.7112 debug2: channel 0: rcvd adjust 100352
   3.7170 debug2: channel 0: rcvd adjust 100352
   3.7227 debug2: channel 0: rcvd adjust 100352
   3.7284 debug2: channel 0: rcvd adjust 100352
   3.7341 debug2: channel 0: rcvd adjust 100352
   3.7399 debug2: channel 0: rcvd adjust 100352
   3.7456 debug2: channel 0: rcvd adjust 100352
   3.7513 debug2: channel 0: rcvd adjust 100352
   3.7571 debug2: channel 0: rcvd adjust 100352
   3.7628 debug2: channel 0: rcvd adjust 100352
   3.7686 debug2: channel 0: rcvd adjust 100352
   3.7746 debug2: channel 0: rcvd adjust 100352
   3.7817 debug2: channel 0: rcvd adjust 100352
   3.7873 debug2: channel 0: rcvd adjust 100352
   3.7932 debug2: channel 0: rcvd adjust 100352
   3.7989 debug2: channel 0: rcvd adjust 100352
   3.8046 debug2: channel 0: rcvd adjust 100352
   3.8106 debug2: channel 0: rcvd adjust 100352
   3.8162 debug2: channel 0: rcvd adjust 100352
   3.8219 debug2: channel 0: rcvd adjust 100352
   3.8278 debug2: channel 0: rcvd adjust 100352
   3.8335 debug2: channel 0: rcvd adjust 100352
   3.8392 debug2: channel 0: rcvd adjust 100352
   3.8448 debug2: channel 0: rcvd adjust 100352
   3.8504 debug2: channel 0: rcvd adjust 100352
   3.8562 debug2: channel 0: rcvd adjust 100352
   3.8619 debug2: channel 0: rcvd adjust 100352
   3.8675 debug2: channel 0: rcvd adjust 100352
   3.8732 debug2: channel 0: rcvd adjust 100352
   3.8789 debug2: channel 0: rcvd adjust 100352
   3.8845 debug2: channel 0: rcvd adjust 100352
   3.8904 debug2: channel 0: rcvd adjust 100352
   3.8965 debug2: channel 0: rcvd adjust 100352
   3.9021 debug2: channel 0: rcvd adjust 100352
   3.9078 debug2: channel 0: rcvd adjust 100352
   3.9137 debug2: channel 0: rcvd adjust 100352
   3.9195 debug2: channel 0: rcvd adjust 100352
   3.9252 debug2: channel 0: rcvd adjust 100352
   3.9309 debug2: channel 0: rcvd adjust 100352
   3.9369 debug2: channel 0: rcvd adjust 100352
   3.9430 debug2: channel 0: rcvd adjust 100352
   3.9488 debug2: channel 0: rcvd adjust 100352
   3.9545 debug2: channel 0: rcvd adjust 100352
   3.9603 debug2: channel 0: rcvd adjust 100352
   3.9660 debug2: channel 0: rcvd adjust 100352
   3.9717 debug2: channel 0: rcvd adjust 100352
   3.9773 debug2: channel 0: rcvd adjust 100352
   3.9831 debug2: channel 0: rcvd adjust 100352
   3.9888 debug2: channel 0: rcvd adjust 100352
   3.9946 debug2: channel 0: rcvd adjust 100352
   4.0004 debug2: channel 0: rcvd adjust 100352
   4.0062 debug2: channel 0: rcvd adjust 100352
   4.0119 debug2: channel 0: rcvd adjust 100352
   4.0177 debug2: channel 0: rcvd adjust 100352
   4.0233 debug2: channel 0: rcvd adjust 100352
   4.0290 debug2: channel 0: rcvd adjust 100352
   4.0347 debug2: channel 0: rcvd adjust 100352
   4.0405 debug2: channel 0: rcvd adjust 100352
   4.0463 debug2: channel 0: rcvd adjust 100352
   4.0526 debug2: channel 0: rcvd adjust 100352
   4.0587 debug2: channel 0: rcvd adjust 100352
   4.0646 debug2: channel 0: rcvd adjust 100352
   4.0703 debug2: channel 0: rcvd adjust 100352
   4.0761 debug2: channel 0: rcvd adjust 100352
   4.0819 debug2: channel 0: rcvd adjust 100352
   4.0876 debug2: channel 0: rcvd adjust 100352
   4.0933 debug2: channel 0: rcvd adjust 100352
   4.0990 debug2: channel 0: rcvd adjust 100352
   4.1047 debug2: channel 0: rcvd adjust 100352
   4.1104 debug2: channel 0: rcvd adjust 100352
   4.1160 debug2: channel 0: rcvd adjust 100352
   4.1223 debug2: channel 0: rcvd adjust 100352
   4.1281 debug2: channel 0: rcvd adjust 100352
   4.1341 debug2: channel 0: rcvd adjust 100352
   4.1398 debug2: channel 0: rcvd adjust 100352
   4.1458 debug2: channel 0: rcvd adjust 100352
   4.1512 debug2: channel 0: rcvd adjust 100352
   4.1567 debug2: channel 0: rcvd adjust 100352
   4.1597 debug2: channel 0: read failed rfd 4 maxlen 32768: Broken pipe
   4.1598 debug2: channel 0: read failed
   4.1599 debug2: chan_shutdown_read: channel 0: (i0 o0 sock -1 wfd 4 efd 6 [write])
   4.1600 debug2: channel 0: input open -> drain
   4.1601 debug2: channel 0: ibuf empty
   4.1602 debug2: channel 0: send eof
   4.1603 debug3: send packet: type 96
   4.1604 debug2: channel 0: input drain -> closed
   4.1607 debug2: channel 0: rcvd ext data 39
   4.1609 0+32484 records in
   4.1609 0+32484 records out
   4.1609 debug2: channel 0: written 2680059592743 to efd 6
   4.1610 debug2: channel 0: rcvd ext data 60
   4.1611 debug3: receive packet: type 96
   4.1612 debug2: channel 0: rcvd eof
   4.1613 debug2: channel 0: output open -> drain
   4.1614 debug3: receive packet: type 98
   4.1616 debug1: client_input_channel_req: channel 0 rtype exit-status reply 0
   4.1617 debug3: receive packet: type 97
   4.1618 debug2: channel 0: rcvd close
   4.1619 debug3: channel 0: will not send data after close
   4.1620 debug2: channel 0: obuf_empty delayed efd 6/(60)
   4.1621 67108864 bytes (67 MB, 64 MiB) copied, 3.96018 s, 16.9 MB/s
   4.1621 debug2: channel 0: written 2680059592764 to efd 6
   4.1622 debug3: channel 0: will not send data after close
   4.1623 debug2: channel 0: obuf empty
   4.1624 debug2: chan_shutdown_write: channel 0: (i3 o1 sock -1 wfd 5 efd 6 [write])
   4.1626 debug2: channel 0: output drain -> closed
   4.1627 debug2: channel 0: almost dead
   4.1628 debug2: channel 0: gc: notify user
   4.1629 debug2: channel 0: gc: user detached
   4.1630 debug2: channel 0: send close
   4.1631 debug3: send packet: type 97
   4.1632 debug2: channel 0: is dead
   4.1633 debug2: channel 0: garbage collecting
   4.1634 debug1: channel 0: free: client-session, nchannels 1
   4.1635 debug3: channel 0: status: The following connections are open:
   4.1635   #0 client-session (t4 [session] r0 i3/0 o3/0 e[write]/0 fd -1/-1/6 sock -1 cc -1 io 0x00/0x00)
   4.1635 
   4.1637 debug3: send packet: type 1
   4.1647 Transferred: sent 67766944, received 16544 bytes, in 4.0 seconds
   4.1648 Bytes per second: sent 16903703.4, received 4126.7
   4.1649 debug1: Exit status 0
